Component: ARM Compiler 5.06 update 6 (build 750) Tool: armlink [4d35ed]

==============================================================================

Section Cross References

    startup_stm32f103xb.o(RESET) refers to startup_stm32f103xb.o(STACK) for __initial_sp
    startup_stm32f103xb.o(RESET) refers to startup_stm32f103xb.o(.text) for Reset_Handler
    startup_stm32f103xb.o(RESET) refers to stm32f1xx_it.o(i.NMI_Handler) for NMI_Handler
    startup_stm32f103xb.o(RESET) refers to stm32f1xx_it.o(i.HardFault_Handler) for HardFault_Handler
    startup_stm32f103xb.o(RESET) refers to stm32f1xx_it.o(i.MemManage_Handler) for MemManage_Handler
    startup_stm32f103xb.o(RESET) refers to stm32f1xx_it.o(i.BusFault_Handler) for BusFault_Handler
    startup_stm32f103xb.o(RESET) refers to stm32f1xx_it.o(i.UsageFault_Handler) for UsageFault_Handler
    startup_stm32f103xb.o(RESET) refers to stm32f1xx_it.o(i.SVC_Handler) for SVC_Handler
    startup_stm32f103xb.o(RESET) refers to stm32f1xx_it.o(i.DebugMon_Handler) for DebugMon_Handler
    startup_stm32f103xb.o(RESET) refers to stm32f1xx_it.o(i.PendSV_Handler) for PendSV_Handler
    startup_stm32f103xb.o(RESET) refers to stm32f1xx_it.o(i.SysTick_Handler) for SysTick_Handler
    startup_stm32f103xb.o(RESET) refers to stm32f1xx_it.o(i.PVD_IRQHandler) for PVD_IRQHandler
    startup_stm32f103xb.o(RESET) refers to stm32f1xx_it.o(i.DMA1_Channel2_IRQHandler) for DMA1_Channel2_IRQHandler
    startup_stm32f103xb.o(RESET) refers to stm32f1xx_it.o(i.DMA1_Channel3_IRQHandler) for DMA1_Channel3_IRQHandler
    startup_stm32f103xb.o(RESET) refers to stm32f1xx_it.o(i.DMA1_Channel4_IRQHandler) for DMA1_Channel4_IRQHandler
    startup_stm32f103xb.o(RESET) refers to stm32f1xx_it.o(i.DMA1_Channel5_IRQHandler) for DMA1_Channel5_IRQHandler
    startup_stm32f103xb.o(RESET) refers to stm32f1xx_it.o(i.DMA1_Channel6_IRQHandler) for DMA1_Channel6_IRQHandler
    startup_stm32f103xb.o(RESET) refers to stm32f1xx_it.o(i.USART1_IRQHandler) for USART1_IRQHandler
    startup_stm32f103xb.o(RESET) refers to stm32f1xx_it.o(i.USART2_IRQHandler) for USART2_IRQHandler
    startup_stm32f103xb.o(RESET) refers to stm32f1xx_it.o(i.USART3_IRQHandler) for USART3_IRQHandler
    startup_stm32f103xb.o(.text) refers to system_stm32f1xx.o(i.SystemInit) for SystemInit
    startup_stm32f103xb.o(.text) refers to entry.o(.ARM.Collect$$$$00000000) for __main
    main.o(i.Error_Handler) refers to printfa.o(i.__0printf) for __2printf
    main.o(i.HAL_UART_RxCpltCallback) refers to sbus.o(i.SBUS_Analyse) for SBUS_Analyse
    main.o(i.HAL_UART_RxCpltCallback) refers to stm32f1xx_hal_uart.o(i.HAL_UART_Receive_IT) for HAL_UART_Receive_IT
    main.o(i.HAL_UART_RxCpltCallback) refers to sbus.o(.bss) for aRxBuffer2
    main.o(i.HAL_UART_RxCpltCallback) refers to usart.o(.bss) for huart2
    main.o(i.SystemClock_Config) refers to memseta.o(.text) for __aeabi_memclr4
    main.o(i.SystemClock_Config) refers to stm32f1xx_hal_rcc.o(i.HAL_RCC_OscConfig) for HAL_RCC_OscConfig
    main.o(i.SystemClock_Config) refers to stm32f1xx_hal_rcc.o(i.HAL_RCC_ClockConfig) for HAL_RCC_ClockConfig
    main.o(i.SystemClock_Config) refers to main.o(i.Error_Handler) for Error_Handler
    main.o(i.fgetc) refers to stm32f1xx_hal_uart.o(i.HAL_UART_Receive) for HAL_UART_Receive
    main.o(i.fgetc) refers to usart.o(.bss) for huart3
    main.o(i.fputc) refers to stm32f1xx_hal_uart.o(i.HAL_UART_Transmit) for HAL_UART_Transmit
    main.o(i.fputc) refers to usart.o(.bss) for huart3
    main.o(i.main) refers to stm32f1xx_hal.o(i.HAL_Init) for HAL_Init
    main.o(i.main) refers to main.o(i.SystemClock_Config) for SystemClock_Config
    main.o(i.main) refers to gpio.o(i.MX_GPIO_Init) for MX_GPIO_Init
    main.o(i.main) refers to dma.o(i.MX_DMA_Init) for MX_DMA_Init
    main.o(i.main) refers to tim.o(i.MX_TIM3_Init) for MX_TIM3_Init
    main.o(i.main) refers to usart.o(i.MX_USART2_UART_Init) for MX_USART2_UART_Init
    main.o(i.main) refers to usart.o(i.MX_USART1_UART_Init) for MX_USART1_UART_Init
    main.o(i.main) refers to usart.o(i.MX_USART3_UART_Init) for MX_USART3_UART_Init
    main.o(i.main) refers to tim.o(i.MX_TIM4_Init) for MX_TIM4_Init
    main.o(i.main) refers to init.o(i.Init_User) for Init_User
    main.o(i.main) refers to pid_init.o(i.PID_AllInit) for PID_AllInit
    main.o(i.main) refers to printfa.o(i.__0printf) for __2printf
    main.o(i.main) refers to station.o(i.RudderDisplay) for RudderDisplay
    main.o(i.main) refers to sbus.o(i.Limit_Init) for Limit_Init
    main.o(i.main) refers to main.o(.data) for .data
    main.o(i.map) refers to fadd.o(.text) for __aeabi_fsub
    main.o(i.map) refers to fdiv.o(.text) for __aeabi_fdiv
    main.o(i.map) refers to fmul.o(.text) for __aeabi_fmul
    gpio.o(i.MX_GPIO_Init) refers to stm32f1xx_hal_gpio.o(i.HAL_GPIO_WritePin) for HAL_GPIO_WritePin
    gpio.o(i.MX_GPIO_Init) refers to stm32f1xx_hal_gpio.o(i.HAL_GPIO_Init) for HAL_GPIO_Init
[...]
    ../clib/microlib/init/entry.s            0x00000000   Number         0  entry2.o ABSOLUTE
    ../clib/microlib/init/entry.s            0x00000000   Number         0  entry11b.o ABSOLUTE
    ../clib/microlib/init/entry.s            0x00000000   Number         0  entry11a.o ABSOLUTE
    ../clib/microlib/init/entry.s            0x00000000   Number         0  entry10b.o ABSOLUTE
    ../clib/microlib/longlong.c              0x00000000   Number         0  llsshr.o ABSOLUTE
    ../clib/microlib/longlong.c              0x00000000   Number         0  llushr.o ABSOLUTE
    ../clib/microlib/longlong.c              0x00000000   Number         0  llshl.o ABSOLUTE
    ../clib/microlib/printf/printf.c         0x00000000   Number         0  printf5.o ABSOLUTE
    ../clib/microlib/printf/printf.c         0x00000000   Number         0  printf3.o ABSOLUTE
    ../clib/microlib/printf/printf.c         0x00000000   Number         0  printf4.o ABSOLUTE
    ../clib/microlib/printf/printf.c         0x00000000   Number         0  printf7.o ABSOLUTE
    ../clib/microlib/printf/printf.c         0x00000000   Number         0  printf8.o ABSOLUTE
    ../clib/microlib/printf/printf.c         0x00000000   Number         0  printf6.o ABSOLUTE
    ../clib/microlib/printf/printf.c         0x00000000   Number         0  printfa.o ABSOLUTE
    ../clib/microlib/printf/printf.c         0x00000000   Number         0  printf2.o ABSOLUTE
    ../clib/microlib/printf/printf.c         0x00000000   Number         0  printf1.o ABSOLUTE
    ../clib/microlib/printf/printf.c         0x00000000   Number         0  printf0.o ABSOLUTE
    ../clib/microlib/printf/printf.c         0x00000000   Number         0  printfb.o ABSOLUTE
    ../clib/microlib/printf/stubs.s          0x00000000   Number         0  stubs.o ABSOLUTE
    ../clib/microlib/stdio/streams.c         0x00000000   Number         0  stdout.o ABSOLUTE
    ../clib/microlib/string/memset.c         0x00000000   Number         0  memseta.o ABSOLUTE
    ../clib/microlib/stubs.s                 0x00000000   Number         0  iusefp.o ABSOLUTE
    ../fplib/microlib/d2f.c                  0x00000000   Number         0  d2f.o ABSOLUTE
    ../fplib/microlib/f2d.c                  0x00000000   Number         0  f2d.o ABSOLUTE
    ../fplib/microlib/fpadd.c                0x00000000   Number         0  dadd.o ABSOLUTE
    ../fplib/microlib/fpadd.c                0x00000000   Number         0  fadd.o ABSOLUTE
    ../fplib/microlib/fpdiv.c                0x00000000   Number         0  ddiv.o ABSOLUTE
    ../fplib/microlib/fpdiv.c                0x00000000   Number         0  fdiv.o ABSOLUTE
    ../fplib/microlib/fpepilogue.c           0x00000000   Number         0  depilogue.o ABSOLUTE
    ../fplib/microlib/fpepilogue.c           0x00000000   Number         0  fepilogue.o ABSOLUTE
    ../fplib/microlib/fpfix.c                0x00000000   Number         0  dfixul.o ABSOLUTE
    ../fplib/microlib/fpfix.c                0x00000000   Number         0  ffixi.o ABSOLUTE
    ../fplib/microlib/fpflt.c                0x00000000   Number         0  dfltui.o ABSOLUTE
    ../fplib/microlib/fpflt.c                0x00000000   Number         0  dflti.o ABSOLUTE
    ../fplib/microlib/fpflt.c                0x00000000   Number         0  fflti.o ABSOLUTE
    ../fplib/microlib/fpflt.c                0x00000000   Number         0  ffltui.o ABSOLUTE
    ../fplib/microlib/fpmul.c                0x00000000   Number         0  fmul.o ABSOLUTE
    ../fplib/microlib/fpmul.c                0x00000000   Number         0  dmul.o ABSOLUTE
    ../fplib/microlib/fpscalb.c              0x00000000   Number         0  fscalb.o ABSOLUTE
    ../fplib/microlib/fpscalb.c              0x00000000   Number         0  dscalb.o ABSOLUTE
    ..\Core\Src\CascadePID.c                 0x00000000   Number         0  cascadepid.o ABSOLUTE
    ..\Core\Src\PID_Init.c                   0x00000000   Number         0  pid_init.o ABSOLUTE
    ..\Core\Src\dma.c                        0x00000000   Number         0  dma.o ABSOLUTE
    ..\Core\Src\gpio.c                       0x00000000   Number         0  gpio.o ABSOLUTE
    ..\Core\Src\main.c                       0x00000000   Number         0  main.o ABSOLUTE
    ..\Core\Src\stm32f1xx_hal_msp.c          0x00000000   Number         0  stm32f1xx_hal_msp.o ABSOLUTE
    ..\Core\Src\stm32f1xx_it.c               0x00000000   Number         0  stm32f1xx_it.o ABSOLUTE
    ..\Core\Src\system_stm32f1xx.c           0x00000000   Number         0  system_stm32f1xx.o ABSOLUTE
    ..\Core\Src\tim.c                        0x00000000   Number         0  tim.o ABSOLUTE
    ..\Core\Src\usart.c                      0x00000000   Number         0  usart.o ABSOLUTE
    ..\Drivers\STM32F1xx_HAL_Driver\Src\stm32f1xx_hal.c 0x00000000   Number         0  stm32f1xx_hal.o ABSOLUTE
    ..\Drivers\STM32F1xx_HAL_Driver\Src\stm32f1xx_hal_cortex.c 0x00000000   Number         0  stm32f1xx_hal_cortex.o ABSOLUTE
    ..\Drivers\STM32F1xx_HAL_Driver\Src\stm32f1xx_hal_dma.c 0x00000000   Number         0  stm32f1xx_hal_dma.o ABSOLUTE
    ..\Drivers\STM32F1xx_HAL_Driver\Src\stm32f1xx_hal_exti.c 0x00000000   Number         0  stm32f1xx_hal_exti.o ABSOLUTE
    ..\Drivers\STM32F1xx_HAL_Driver\Src\stm32f1xx_hal_flash.c 0x00000000   Number         0  stm32f1xx_hal_flash.o ABSOLUTE
    ..\Drivers\STM32F1xx_HAL_Driver\Src\stm32f1xx_hal_flash_ex.c 0x00000000   Number         0  stm32f1xx_hal_flash_ex.o ABSOLUTE
    ..\Drivers\STM32F1xx_HAL_Driver\Src\stm32f1xx_hal_gpio.c 0x00000000   Number         0  stm32f1xx_hal_gpio.o ABSOLUTE
    ..\Drivers\STM32F1xx_HAL_Driver\Src\stm32f1xx_hal_gpio_ex.c 0x00000000   Number         0  stm32f1xx_hal_gpio_ex.o ABSOLUTE
    ..\Drivers\STM32F1xx_HAL_Driver\Src\stm32f1xx_hal_pwr.c 0x00000000   Number         0  stm32f1xx_hal_pwr.o ABSOLUTE
    ..\Drivers\STM32F1xx_HAL_Driver\Src\stm32f1xx_hal_rcc.c 0x00000000   Number         0  stm32f1xx_hal_rcc.o ABSOLUTE
    ..\Drivers\STM32F1xx_HAL_Driver\Src\stm32f1xx_hal_rcc_ex.c 0x00000000   Number         0  stm32f1xx_hal_rcc_ex.o ABSOLUTE
    ..\Drivers\STM32F1xx_HAL_Driver\Src\stm32f1xx_hal_tim.c 0x00000000   Number         0  stm32f1xx_hal_tim.o ABSOLUTE
    ..\Drivers\STM32F1xx_HAL_Driver\Src\stm32f1xx_hal_tim_ex.c 0x00000000   Number         0  stm32f1xx_hal_tim_ex.o ABSOLUTE
    ..\Drivers\STM32F1xx_HAL_Driver\Src\stm32f1xx_hal_uart.c 0x00000000   Number         0  stm32f1xx_hal_uart.o ABSOLUTE
    ..\MYWORK\Flash.c                        0x00000000   Number         0  flash.o ABSOLUTE
    ..\MYWORK\GY25.c                         0x00000000   Number         0  gy25.o ABSOLUTE
    ..\MYWORK\Init.c                         0x00000000   Number         0  init.o ABSOLUTE
    ..\MYWORK\PID.c                          0x00000000   Number         0  pid.o ABSOLUTE
    ..\MYWORK\delay_user.c                   0x00000000   Number         0  delay_user.o ABSOLUTE
    ..\MYWORK\fuzzypid.c                     0x00000000   Number         0  fuzzypid.o ABSOLUTE
    ..\MYWORK\sbus.c                         0x00000000   Number         0  sbus.o ABSOLUTE
    ..\MYWORK\servo_engine.c                 0x00000000   Number         0  servo_engine.o ABSOLUTE
    ..\MYWORK\station.c                      0x00000000   Number         0  station.o ABSOLUTE
    ..\\Core\\Src\\CascadePID.c              0x00000000   Number         0  cascadepid.o ABSOLUTE
    ..\\Core\\Src\\PID_Init.c                0x00000000   Number         0  pid_init.o ABSOLUTE
    ..\\MYWORK\\Flash.c                      0x00000000   Number         0  flash.o ABSOLUTE
    ..\\MYWORK\\GY25.c                       0x00000000   Number         0  gy25.o ABSOLUTE
    ..\\MYWORK\\Init.c                       0x00000000   Number         0  init.o ABSOLUTE
    ..\\MYWORK\\PID.c                        0x00000000   Number         0  pid.o ABSOLUTE
    ..\\MYWORK\\delay_user.c                 0x00000000   Number         0  delay_user.o ABSOLUTE
    ..\\MYWORK\\fuzzypid.c                   0x00000000   Number         0  fuzzypid.o ABSOLUTE
    ..\\MYWORK\\sbus.c                       0x00000000   Number         0  sbus.o ABSOLUTE
    ..\\MYWORK\\servo_engine.c               0x00000000   Number         0  servo_engine.o ABSOLUTE
    ..\\MYWORK\\station.c                    0x00000000   Number         0  station.o ABSOLUTE
    cdrcmple.s                               0x00000000   Number         0  cdrcmple.o ABSOLUTE
    cfcmple.s                                0x00000000   Number         0  cfcmple.o ABSOLUTE
    cfrcmple.s                               0x00000000   Number         0  cfrcmple.o ABSOLUTE
    dc.s                                     0x00000000   Number         0  dc.o ABSOLUTE
    handlers.s                               0x00000000   Number         0  handlers.o ABSOLUTE
    init.s                                   0x00000000   Number         0  init.o ABSOLUTE
    startup_stm32f103xb.s                    0x00000000   Number         0  startup_stm32f103xb.o ABSOLUTE
    RESET                                    0x08000000   Section      236  startup_stm32f103xb.o(RESET)
    .ARM.Collect$$$$00000000                 0x080000ec   Section        0  entry.o(.ARM.Collect$$$$00000000)
    .ARM.Collect$$$$00000001                 0x080000ec   Section        4  entry2.o(.ARM.Collect$$$$00000001)
    .ARM.Collect$$$$00000004                 0x080000f0   Section        4  entry5.o(.ARM.Collect$$$$00000004)
    .ARM.Collect$$$$00000008                 0x080000f4   Section        0  entry7b.o(.ARM.Collect$$$$00000008)
    .ARM.Collect$$$$0000000A                 0x080000f4   Section        0  entry8b.o(.ARM.Collect$$$$0000000A)
    .ARM.Collect$$$$0000000B                 0x080000f4   Section        8  entry9a.o(.ARM.Collect$$$$0000000B)
    .ARM.Collect$$$$0000000D                 0x080000fc   Section        0  entry10a.o(.ARM.Collect$$$$0000000D)
    .ARM.Collect$$$$0000000F                 0x080000fc   Section        0  entry11a.o(.ARM.Collect$$$$0000000F)
    .ARM.Collect$$$$00002712                 0x080000fc   Section        4  entry2.o(.ARM.Collect$$$$00002712)
    __lit__00000000                          0x080000fc   Data           4  entry2.o(.ARM.Collect$$$$00002712)
    .text                                    0x08000100   Section       36  startup_stm32f103xb.o(.text)
    .text                                    0x08000124   Section        0  llushr.o(.text)
    .text                                    0x08000144   Section        0  memseta.o(.text)
    .text                                    0x08000168   Section        0  fadd.o(.text)
    .text                                    0x08000218   Section        0  fmul.o(.text)
    .text                                    0x0800027c   Section        0  fdiv.o(.text)
    .text                                    0x080002f8   Section        0  dadd.o(.text)
    .text                                    0x08000446   Section        0  dmul.o(.text)
    .text                                    0x0800052a   Section        0  ddiv.o(.text)
    .text                                    0x08000608   Section        0  fflti.o(.text)
    .text                                    0x0800061a   Section        0  ffltui.o(.text)
    .text                                    0x08000624   Section        0  dflti.o(.text)
    .text                                    0x08000646   Section        0  dfltui.o(.text)
    .text                                    0x08000660   Section        0  ffixi.o(.text)
    .text                                    0x08000692   Section        0  f2d.o(.text)
    .text                                    0x080006b8   Section        0  d2f.o(.text)
    .text                                    0x080006f0   Section       20  cfcmple.o(.text)
    .text                                    0x08000704   Section       20  cfrcmple.o(.text)
    .text                                    0x08000718   Section        0  uidiv.o(.text)
    .text                                    0x08000744   Section        0  uldiv.o(.text)
    .text                                    0x080007a6   Section        0  llshl.o(.text)
    .text                                    0x080007c4   Section        0  llsshr.o(.text)
    .text                                    0x080007e8   Section        0  fepilogue.o(.text)
    .text                                    0x080007e8   Section        0  iusefp.o(.text)
    .text                                    0x08000856   Section        0  depilogue.o(.text)
    .text                                    0x08000910   Section        0  dfixul.o(.text)
    .text                                    0x08000940   Section       48  cdrcmple.o(.text)
    .text                                    0x08000970   Section       36  init.o(.text)
    i.BusFault_Handler                       0x08000994   Section        0  stm32f1xx_it.o(i.BusFault_Handler)
    i.CPID_Driver                            0x08000998   Section        0  cascadepid.o(i.CPID_Driver)
    i.Command_Analyse                        0x08000a70   Section        0  station.o(i.Command_Analyse)
    i.Control_Init                           0x08000f24   Section        0  servo_engine.o(i.Control_Init)
    i.DMA1_Channel2_IRQHandler               0x080010b0   Section        0  stm32f1xx_it.o(i.DMA1_Channel2_IRQHandler)
    i.DMA1_Channel3_IRQHandler               0x080010bc   Section        0  stm32f1xx_it.o(i.DMA1_Channel3_IRQHandler)
    i.DMA1_Channel4_IRQHandler               0x080010c8   Section        0  stm32f1xx_it.o(i.DMA1_Channel4_IRQHandler)
    i.DMA1_Channel5_IRQHandler               0x080010d4   Section        0  stm32f1xx_it.o(i.DMA1_Channel5_IRQHandler)
    i.DMA1_Channel6_IRQHandler               0x080010e0   Section        0  stm32f1xx_it.o(i.DMA1_Channel6_IRQHandler)
    i.DMA_SetConfig                          0x080010ec   Section        0  stm32f1xx_hal_dma.o(i.DMA_SetConfig)
    DMA_SetConfig                            0x080010ed   Thumb Code    42  stm32f1xx_hal_dma.o(i.DMA_SetConfig)
    i.DMA_printf                             0x08001118   Section        0  usart.o(i.DMA_printf)
    i.DebugMon_Handler                       0x08001140   Section        0  stm32f1xx_it.o(i.DebugMon_Handler)
    i.Error_Handler                          0x08001144   Section        0  main.o(i.Error_Handler)
    i.GY25_Analyse                           0x08001158   Section        0  gy25.o(i.GY25_Analyse)
    i.HAL_DMA_Abort                          0x080013f0   Section        0  stm32f1xx_hal_dma.o(i.HAL_DMA_Abort)
    i.HAL_DMA_Abort_IT                       0x08001438   Section        0  stm32f1xx_hal_dma.o(i.HAL_DMA_Abort_IT)
    i.HAL_DMA_IRQHandler                     0x080014d0   Section        0  stm32f1xx_hal_dma.o(i.HAL_DMA_IRQHandler)
    i.HAL_DMA_Init                           0x08001624   Section        0  stm32f1xx_hal_dma.o(i.HAL_DMA_Init)
    i.HAL_DMA_Start_IT                       0x08001680   Section        0  stm32f1xx_hal_dma.o(i.HAL_DMA_Start_IT)
    i.HAL_Delay                              0x080016f0   Section        0  stm32f1xx_hal.o(i.HAL_Delay)
    i.HAL_GPIO_Init                          0x08001714   Section        0  stm32f1xx_hal_gpio.o(i.HAL_GPIO_Init)
    i.HAL_GPIO_WritePin                      0x080018f4   Section        0  stm32f1xx_hal_gpio.o(i.HAL_GPIO_WritePin)
    i.HAL_GetTick                            0x08001900   Section        0  stm32f1xx_hal.o(i.HAL_GetTick)
    i.HAL_IncTick                            0x0800190c   Section        0  stm32f1xx_hal.o(i.HAL_IncTick)
    i.HAL_Init                               0x0800191c   Section        0  stm32f1xx_hal.o(i.HAL_Init)
    i.HAL_InitTick                           0x08001940   Section        0  stm32f1xx_hal.o(i.HAL_InitTick)
    i.HAL_MspInit                            0x08001980   Section        0  stm32f1xx_hal_msp.o(i.HAL_MspInit)
    i.HAL_NVIC_EnableIRQ                     0x080019cc   Section        0  stm32f1xx_hal_cortex.o(i.HAL_NVIC_EnableIRQ)
    i.HAL_NVIC_SetPriority                   0x080019e8   Section        0  stm32f1xx_hal_cortex.o(i.HAL_NVIC_SetPriority)
    i.HAL_NVIC_SetPriorityGrouping           0x08001a28   Section        0  stm32f1xx_hal_cortex.o(i.HAL_NVIC_SetPriorityGrouping)
    i.HAL_PWR_PVDCallback                    0x08001a4c   Section        0  stm32f1xx_hal_pwr.o(i.HAL_PWR_PVDCallback)
    i.HAL_PWR_PVD_IRQHandler                 0x08001a50   Section        0  stm32f1xx_hal_pwr.o(i.HAL_PWR_PVD_IRQHandler)
    i.HAL_RCC_ClockConfig                    0x08001a6c   Section        0  stm32f1xx_hal_rcc.o(i.HAL_RCC_ClockConfig)
    i.HAL_RCC_GetPCLK1Freq                   0x08001b98   Section        0  stm32f1xx_hal_rcc.o(i.HAL_RCC_GetPCLK1Freq)
    i.HAL_RCC_GetPCLK2Freq                   0x08001bb8   Section        0  stm32f1xx_hal_rcc.o(i.HAL_RCC_GetPCLK2Freq)
    i.HAL_RCC_GetSysClockFreq                0x08001bd8   Section        0  stm32f1xx_hal_rcc.o(i.HAL_RCC_GetSysClockFreq)
    i.HAL_RCC_OscConfig                      0x08001c44   Section        0  stm32f1xx_hal_rcc.o(i.HAL_RCC_OscConfig)
    i.HAL_SYSTICK_Config                     0x08001f64   Section        0  stm32f1xx_hal_cortex.o(i.HAL_SYSTICK_Config)
    i.HAL_TIMEx_MasterConfigSynchronization  0x08001f8c   Section        0  stm32f1xx_hal_tim_ex.o(i.HAL_TIMEx_MasterConfigSynchronization)
    i.HAL_TIM_MspPostInit                    0x08001ff4   Section        0  tim.o(i.HAL_TIM_MspPostInit)
    i.HAL_TIM_PWM_ConfigChannel              0x08002080   Section        0  stm32f1xx_hal_tim.o(i.HAL_TIM_PWM_ConfigChannel)
    i.HAL_TIM_PWM_Init                       0x08002146   Section        0  stm32f1xx_hal_tim.o(i.HAL_TIM_PWM_Init)
    i.HAL_TIM_PWM_MspInit                    0x080021a0   Section        0  tim.o(i.HAL_TIM_PWM_MspInit)
    i.HAL_TIM_PWM_Start                      0x080021e0   Section        0  stm32f1xx_hal_tim.o(i.HAL_TIM_PWM_Start)
    i.HAL_UARTEx_RxEventCallback             0x0800227c   Section        0  stm32f1xx_hal_uart.o(i.HAL_UARTEx_RxEventCallback)
    i.HAL_UART_DMAStop                       0x0800227e   Section        0  stm32f1xx_hal_uart.o(i.HAL_UART_DMAStop)
    i.HAL_UART_ErrorCallback                 0x080022d6   Section        0  stm32f1xx_hal_uart.o(i.HAL_UART_ErrorCallback)
    i.HAL_UART_IRQHandler                    0x080022d8   Section        0  stm32f1xx_hal_uart.o(i.HAL_UART_IRQHandler)
    i.HAL_UART_Init                          0x080024e4   Section        0  stm32f1xx_hal_uart.o(i.HAL_UART_Init)
    i.HAL_UART_MspInit                       0x08002548   Section        0  usart.o(i.HAL_UART_MspInit)
    i.HAL_UART_Receive_DMA                   0x080027b0   Section        0  stm32f1xx_hal_uart.o(i.HAL_UART_Receive_DMA)
    i.HAL_UART_Receive_IT                    0x080027da   Section        0  stm32f1xx_hal_uart.o(i.HAL_UART_Receive_IT)
    i.HAL_UART_RxCpltCallback                0x08002804   Section        0  main.o(i.HAL_UART_RxCpltCallback)
    i.HAL_UART_RxHalfCpltCallback            0x08002820   Section        0  stm32f1xx_hal_uart.o(i.HAL_UART_RxHalfCpltCallback)
    i.HAL_UART_Transmit                      0x08002824   Section        0  stm32f1xx_hal_uart.o(i.HAL_UART_Transmit)
    i.HAL_UART_Transmit_DMA                  0x080028d8   Section        0  stm32f1xx_hal_uart.o(i.HAL_UART_Transmit_DMA)
    i.HAL_UART_TxCpltCallback                0x08002958   Section        0  stm32f1xx_hal_uart.o(i.HAL_UART_TxCpltCallback)
    i.HAL_UART_TxHalfCpltCallback            0x0800295a   Section        0  stm32f1xx_hal_uart.o(i.HAL_UART_TxHalfCpltCallback)
    i.HardFault_Handler                      0x0800295c   Section        0  stm32f1xx_it.o(i.HardFault_Handler)
    i.Init_User                              0x08002960   Section        0  init.o(i.Init_User)
    i.Limit_Init                             0x08002b1c   Section        0  sbus.o(i.Limit_Init)
    i.MX_DMA_Init                            0x080031ec   Section        0  dma.o(i.MX_DMA_Init)
    i.MX_GPIO_Init                           0x08003258   Section        0  gpio.o(i.MX_GPIO_Init)
    i.MX_TIM3_Init                           0x080032d8   Section        0  tim.o(i.MX_TIM3_Init)
    i.MX_TIM4_Init                           0x0800337c   Section        0  tim.o(i.MX_TIM4_Init)
    i.MX_USART1_UART_Init                    0x0800341c   Section        0  usart.o(i.MX_USART1_UART_Init)
    i.MX_USART2_UART_Init                    0x08003454   Section        0  usart.o(i.MX_USART2_UART_Init)
    i.MX_USART3_UART_Init                    0x08003498   Section        0  usart.o(i.MX_USART3_UART_Init)
    i.MemManage_Handler                      0x080034d0   Section        0  stm32f1xx_it.o(i.MemManage_Handler)
    i.NMI_Handler                            0x080034d2   Section        0  stm32f1xx_it.o(i.NMI_Handler)
    i.Order_set                              0x080034d4   Section        0  station.o(i.Order_set)
    i.PID_AllInit                            0x08003a80   Section        0  pid_init.o(i.PID_AllInit)
    i.PID_Init                               0x08003b60   Section        0  pid.o(i.PID_Init)
    i.PID_Reinit                             0x08003b70   Section        0  pid_init.o(i.PID_Reinit)
    i.PID_SingleCalc                         0x08003bd8   Section        0  pid.o(i.PID_SingleCalc)
    i.PVD_IRQHandler                         0x08003c9c   Section        0  stm32f1xx_it.o(i.PVD_IRQHandler)
    i.PendSV_Handler                         0x08003ca0   Section        0  stm32f1xx_it.o(i.PendSV_Handler)
    i.RudderDisplay                          0x08003ca4   Section        0  station.o(i.RudderDisplay)
    i.SBUS_Analyse                           0x08003ce4   Section        0  sbus.o(i.SBUS_Analyse)
    i.SVC_Handler                            0x08003e90   Section        0  stm32f1xx_it.o(i.SVC_Handler)
    i.Servo_Control1                         0x08003e94   Section        0  servo_engine.o(i.Servo_Control1)
    i.Servo_Control3                         0x08003ec0   Section        0  servo_engine.o(i.Servo_Control3)
    i.Servo_Control5                         0x08003ed0   Section        0  servo_engine.o(i.Servo_Control5)
    i.Servo_Control6                         0x08003efc   Section        0  servo_engine.o(i.Servo_Control6)
    i.SysTick_Handler                        0x08003f0c   Section        0  stm32f1xx_it.o(i.SysTick_Handler)
    i.SystemClock_Config                     0x08003f10   Section        0  main.o(i.SystemClock_Config)
    i.SystemInit                             0x08003f68   Section        0  system_stm32f1xx.o(i.SystemInit)
    i.TIM_Base_SetConfig                     0x08003f6c   Section        0  stm32f1xx_hal_tim.o(i.TIM_Base_SetConfig)
    i.TIM_CCxChannelCmd                      0x08003fd8   Section        0  stm32f1xx_hal_tim.o(i.TIM_CCxChannelCmd)
    i.TIM_OC1_SetConfig                      0x08003ff4   Section        0  stm32f1xx_hal_tim.o(i.TIM_OC1_SetConfig)
    TIM_OC1_SetConfig                        0x08003ff5   Thumb Code    74  stm32f1xx_hal_tim.o(i.TIM_OC1_SetConfig)
    i.TIM_OC2_SetConfig                      0x08004044   Section        0  stm32f1xx_hal_tim.o(i.TIM_OC2_SetConfig)
    i.TIM_OC3_SetConfig                      0x0800409c   Section        0  stm32f1xx_hal_tim.o(i.TIM_OC3_SetConfig)
    TIM_OC3_SetConfig                        0x0800409d   Thumb Code    82  stm32f1xx_hal_tim.o(i.TIM_OC3_SetConfig)
    i.TIM_OC4_SetConfig                      0x080040f4   Section        0  stm32f1xx_hal_tim.o(i.TIM_OC4_SetConfig)
    TIM_OC4_SetConfig                        0x080040f5   Thumb Code    64  stm32f1xx_hal_tim.o(i.TIM_OC4_SetConfig)
    i.UART_DMAAbortOnError                   0x08004138   Section        0  stm32f1xx_hal_uart.o(i.UART_DMAAbortOnError)
    UART_DMAAbortOnError                     0x08004139   Thumb Code    16  stm32f1xx_hal_uart.o(i.UART_DMAAbortOnError)
    i.UART_DMAError                          0x08004148   Section        0  stm32f1xx_hal_uart.o(i.UART_DMAError)
    UART_DMAError                            0x08004149   Thumb Code    74  stm32f1xx_hal_uart.o(i.UART_DMAError)
    i.UART_DMAReceiveCplt                    0x08004192   Section        0  stm32f1xx_hal_uart.o(i.UART_DMAReceiveCplt)
    UART_DMAReceiveCplt                      0x08004193   Thumb Code    90  stm32f1xx_hal_uart.o(i.UART_DMAReceiveCplt)
    i.UART_DMARxHalfCplt                     0x080041ec   Section        0  stm32f1xx_hal_uart.o(i.UART_DMARxHalfCplt)
    UART_DMARxHalfCplt                       0x080041ed   Thumb Code    26  stm32f1xx_hal_uart.o(i.UART_DMARxHalfCplt)
    i.UART_DMATransmitCplt                   0x08004206   Section        0  stm32f1xx_hal_uart.o(i.UART_DMATransmitCplt)
    UART_DMATransmitCplt                     0x08004207   Thumb Code    46  stm32f1xx_hal_uart.o(i.UART_DMATransmitCplt)
    i.UART_DMATxHalfCplt                     0x08004234   Section        0  stm32f1xx_hal_uart.o(i.UART_DMATxHalfCplt)
    UART_DMATxHalfCplt                       0x08004235   Thumb Code    10  stm32f1xx_hal_uart.o(i.UART_DMATxHalfCplt)
    i.UART_EndRxTransfer                     0x0800423e   Section        0  stm32f1xx_hal_uart.o(i.UART_EndRxTransfer)
    UART_EndRxTransfer                       0x0800423f   Thumb Code    48  stm32f1xx_hal_uart.o(i.UART_EndRxTransfer)
    i.UART_EndTxTransfer                     0x0800426e   Section        0  stm32f1xx_hal_uart.o(i.UART_EndTxTransfer)
    UART_EndTxTransfer                       0x0800426f   Thumb Code    18  stm32f1xx_hal_uart.o(i.UART_EndTxTransfer)
    i.UART_Receive_IT                        0x08004280   Section        0  stm32f1xx_hal_uart.o(i.UART_Receive_IT)
    UART_Receive_IT                          0x08004281   Thumb Code   182  stm32f1xx_hal_uart.o(i.UART_Receive_IT)
    i.UART_SetConfig                         0x08004338   Section        0  stm32f1xx_hal_uart.o(i.UART_SetConfig)
    UART_SetConfig                           0x08004339   Thumb Code   178  stm32f1xx_hal_uart.o(i.UART_SetConfig)
    i.UART_Start_Receive_DMA                 0x080043f0   Section        0  stm32f1xx_hal_uart.o(i.UART_Start_Receive_DMA)
    i.UART_Start_Receive_IT                  0x08004460   Section        0  stm32f1xx_hal_uart.o(i.UART_Start_Receive_IT)
    i.UART_WaitOnFlagUntilTimeout            0x08004496   Section        0  stm32f1xx_hal_uart.o(i.UART_WaitOnFlagUntilTimeout)
    UART_WaitOnFlagUntilTimeout              0x08004497   Thumb Code   100  stm32f1xx_hal_uart.o(i.UART_WaitOnFlagUntilTimeout)
    i.USART1_IRQHandler                      0x080044fc   Section        0  stm32f1xx_it.o(i.USART1_IRQHandler)
    i.USART2_IRQHandler                      0x0800453c   Section        0  stm32f1xx_it.o(i.USART2_IRQHandler)
    i.USART3_IRQHandler                      0x08004548   Section        0  stm32f1xx_it.o(i.USART3_IRQHandler)
    i.UsageFault_Handler                     0x08004588   Section        0  stm32f1xx_it.o(i.UsageFault_Handler)
    i.__0printf                              0x0800458c   Section        0  printfa.o(i.__0printf)
    i.__0vsnprintf                           0x080045ac   Section        0  printfa.o(i.__0vsnprintf)
    i.__NVIC_SetPriority                     0x080045d8   Section        0  stm32f1xx_hal_cortex.o(i.__NVIC_SetPriority)
    __NVIC_SetPriority                       0x080045d9   Thumb Code    32  stm32f1xx_hal_cortex.o(i.__NVIC_SetPriority)
    i.__scatterload_copy                     0x080045f8   Section       14  handlers.o(i.__scatterload_copy)
    i.__scatterload_null                     0x08004606   Section        2  handlers.o(i.__scatterload_null)
    i.__scatterload_zeroinit                 0x08004608   Section       14  handlers.o(i.__scatterload_zeroinit)
    i._fp_digits                             0x08004618   Section        0  printfa.o(i._fp_digits)
    _fp_digits                               0x08004619   Thumb Code   366  printfa.o(i._fp_digits)
    i._printf_core                           0x0800479c   Section        0  printfa.o(i._printf_core)
    _printf_core                             0x0800479d   Thumb Code  1744  printfa.o(i._printf_core)
    i._printf_post_padding                   0x08004e78   Section        0  printfa.o(i._printf_post_padding)
    _printf_post_padding                     0x08004e79   Thumb Code    36  printfa.o(i._printf_post_padding)
    i._printf_pre_padding                    0x08004e9c   Section        0  printfa.o(i._printf_pre_padding)
    _printf_pre_padding                      0x08004e9d   Thumb Code    46  printfa.o(i._printf_pre_padding)
    i._snputc                                0x08004eca   Section        0  printfa.o(i._snputc)
    _snputc                                  0x08004ecb   Thumb Code    22  printfa.o(i._snputc)
    i.fputc                                  0x08004ee0   Section        0  main.o(i.fputc)
    i.main                                   0x08004ef8   Section        0  main.o(i.main)
    i.map                                    0x08004f6c   Section        0  main.o(i.map)
    i.update_sbus                            0x08004fa8   Section        0  sbus.o(i.update_sbus)
    .constdata                               0x080050dc   Section       16  system_stm32f1xx.o(.constdata)
    .constdata                               0x080050ec   Section        8  system_stm32f1xx.o(.constdata)
    .data                                    0x20000000   Section       64  main.o(.data)
    .data                                    0x20000040   Section        4  main.o(.data)
    .data                                    0x20000044   Section        4  main.o(.data)
    .data                                    0x20000048   Section        4  main.o(.data)
    .data                                    0x2000004c   Section       12  stm32f1xx_hal.o(.data)
    .data                                    0x20000058   Section        4  system_stm32f1xx.o(.data)
    .data                                    0x2000005c   Section        2  sbus.o(.data)
    .data                                    0x20000060   Section        4  servo_engine.o(.data)
    .data                                    0x20000064   Section       24  station.o(.data)
    .data                                    0x2000007c   Section       64  pid_init.o(.data)
    .data                                    0x200000bc   Section        4  stdout.o(.data)
    .bss                                     0x200000c0   Section      144  tim.o(.bss)
    .bss                                     0x20000150   Section      644  usart.o(.bss)
    .bss                                     0x200003d4   Section      284  sbus.o(.bss)
    .bss                                     0x200004f0   Section       20  servo_engine.o(.bss)
    .bss                                     0x20000504   Section       20  servo_engine.o(.bss)
    .bss                                     0x20000518   Section       20  servo_engine.o(.bss)
    .bss                                     0x20000530   Section       80  servo_engine.o(.bss)
    .bss                                     0x20000580   Section     2208  station.o(.bss)
    .bss                                     0x20000e20   Section     1060  gy25.o(.bss)
    .bss                                     0x20001244   Section      272  pid_init.o(.bss)
    STACK                                    0x20001358   Section     1024  startup_stm32f103xb.o(STACK)

    Global Symbols

    Symbol Name                              Value     Ov Type        Size  Object(Section)

    BuildAttributes$$THM_ISAv4$P$D$K$B$S$PE$A:L22UL41UL21$X:L11$S22US41US21$IEEE1$IW$USESV6$~STKCKD$USESV7$~SHL$OTIME$ROPI$EBA8$MICROLIB$REQ8$PRES8$EABIv2 0x00000000   Number         0  anon$$obj.o ABSOLUTE
    __ARM_use_no_argv                        0x00000000   Number         0  main.o ABSOLUTE
    _printf_a                                0x00000000   Number         0  stubs.o ABSOLUTE
    _printf_c                                0x00000000   Number         0  stubs.o ABSOLUTE
    _printf_charcount                        0x00000000   Number         0  stubs.o ABSOLUTE
    _printf_d                                0x00000000   Number         0  stubs.o ABSOLUTE
    _printf_e                                0x00000000   Number         0  stubs.o ABSOLUTE
    _printf_f                                0x00000000   Number         0  stubs.o ABSOLUTE
    _printf_flags                            0x00000000   Number         0  stubs.o ABSOLUTE
    _printf_fp_dec                           0x00000000   Number         0  stubs.o ABSOLUTE
    _printf_fp_hex                           0x00000000   Number         0  stubs.o ABSOLUTE
    _printf_g                                0x00000000   Number         0  stubs.o ABSOLUTE
    _printf_i                                0x00000000   Number         0  stubs.o ABSOLUTE
    _printf_int_dec                          0x00000000   Number         0  stubs.o ABSOLUTE
    _printf_l                                0x00000000   Number         0  stubs.o ABSOLUTE
    _printf_lc                               0x00000000   Number         0  stubs.o ABSOLUTE
    _printf_ll                               0x00000000   Number         0  stubs.o ABSOLUTE
    _printf_lld                              0x00000000   Number         0  stubs.o ABSOLUTE
    _printf_lli                              0x00000000   Number         0  stubs.o ABSOLUTE
    _printf_llo                              0x00000000   Number         0  stubs.o ABSOLUTE
    _printf_llu                              0x00000000   Number         0  stubs.o ABSOLUTE
    _printf_llx                              0x00000000   Number         0  stubs.o ABSOLUTE
    _printf_longlong_dec                     0x00000000   Number         0  stubs.o ABSOLUTE
    _printf_longlong_hex                     0x00000000   Number         0  stubs.o ABSOLUTE
    _printf_longlong_oct                     0x00000000   Number         0  stubs.o ABSOLUTE
    _printf_ls                               0x00000000   Number         0  stubs.o ABSOLUTE
    _printf_mbtowc                           0x00000000   Number         0  stubs.o ABSOLUTE
    _printf_n                                0x00000000   Number         0  stubs.o ABSOLUTE
    _printf_o                                0x00000000   Number         0  stubs.o ABSOLUTE
    _printf_p                                0x00000000   Number         0  stubs.o ABSOLUTE
    _printf_percent                          0x00000000   Number         0  stubs.o ABSOLUTE
    _printf_pre_padding                      0x00000000   Number         0  stubs.o ABSOLUTE
    _printf_return_value                     0x00000000   Number         0  stubs.o ABSOLUTE
    _printf_s                                0x00000000   Number         0  stubs.o ABSOLUTE
    _printf_sizespec                         0x00000000   Number         0  stubs.o ABSOLUTE
    _printf_str                              0x00000000   Number         0  stubs.o ABSOLUTE
    _printf_truncate_signed                  0x00000000   Number         0  stubs.o ABSOLUTE
    _printf_truncate_unsigned                0x00000000   Number         0  stubs.o ABSOLUTE
    _printf_u                                0x00000000   Number         0  stubs.o ABSOLUTE
    _printf_wc                               0x00000000   Number         0  stubs.o ABSOLUTE
    _printf_wctomb                           0x00000000   Number         0  stubs.o ABSOLUTE
    _printf_widthprec                        0x00000000   Number         0  stubs.o ABSOLUTE
    _printf_x                                0x00000000   Number         0  stubs.o ABSOLUTE
    __cpp_initialize__aeabi_                  - Undefined Weak Reference
    __cxa_finalize                            - Undefined Weak Reference
    __decompress                              - Undefined Weak Reference
    _clock_init                               - Undefined Weak Reference
    _microlib_exit                            - Undefined Weak Reference
    __Vectors_Size                           0x000000ec   Number         0  startup_stm32f103xb.o ABSOLUTE
    __Vectors                                0x08000000   Data           4  startup_stm32f103xb.o(RESET)
    __Vectors_End                            0x080000ec   Data           0  startup_stm32f103xb.o(RESET)
    __main                                   0x080000ed   Thumb Code     0  entry.o(.ARM.Collect$$$$00000000)
    _main_stk                                0x080000ed   Thumb Code     0  entry2.o(.ARM.Collect$$$$00000001)
    _main_scatterload                        0x080000f1   Thumb Code     0  entry5.o(.ARM.Collect$$$$00000004)
    __main_after_scatterload                 0x080000f5   Thumb Code     0  entry5.o(.ARM.Collect$$$$00000004)
    _main_clock                              0x080000f5   Thumb Code     0  entry7b.o(.ARM.Collect$$$$00000008)
    _main_cpp_init                           0x080000f5   Thumb Code     0  entry8b.o(.ARM.Collect$$$$0000000A)
    _main_init                               0x080000f5   Thumb Code     0  entry9a.o(.ARM.Collect$$$$0000000B)
    __rt_final_cpp                           0x080000fd   Thumb Code     0  entry10a.o(.ARM.Collect$$$$0000000D)
    __rt_final_exit                          0x080000fd   Thumb Code     0  entry11a.o(.ARM.Collect$$$$0000000F)
    Reset_Handler                            0x08000101   Thumb Code     8  startup_stm32f103xb.o(.text)
    ADC1_2_IRQHandler                        0x0800011b   Thumb Code     0  startup_stm32f103xb.o(.text)
    CAN1_RX1_IRQHandler                      0x0800011b   Thumb Code     0  startup_stm32f103xb.o(.text)
    CAN1_SCE_IRQHandler                      0x0800011b   Thumb Code     0  startup_stm32f103xb.o(.text)
    DMA1_Channel1_IRQHandler                 0x0800011b   Thumb Code     0  startup_stm32f103xb.o(.text)
    DMA1_Channel7_IRQHandler                 0x0800011b   Thumb Code     0  startup_stm32f103xb.o(.text)
    EXTI0_IRQHandler                         0x0800011b   Thumb Code     0  startup_stm32f103xb.o(.text)
    EXTI15_10_IRQHandler                     0x0800011b   Thumb Code     0  startup_stm32f103xb.o(.text)
    EXTI1_IRQHandler                         0x0800011b   Thumb Code     0  startup_stm32f103xb.o(.text)
    EXTI2_IRQHandler                         0x0800011b   Thumb Code     0  startup_stm32f103xb.o(.text)
    EXTI3_IRQHandler                         0x0800011b   Thumb Code     0  startup_stm32f103xb.o(.text)
    EXTI4_IRQHandler                         0x0800011b   Thumb Code     0  startup_stm32f103xb.o(.text)
    EXTI9_5_IRQHandler                       0x0800011b   Thumb Code     0  startup_stm32f103xb.o(.text)
    FLASH_IRQHandler                         0x0800011b   Thumb Code     0  startup_stm32f103xb.o(.text)
    I2C1_ER_IRQHandler                       0x0800011b   Thumb Code     0  startup_stm32f103xb.o(.text)
    I2C1_EV_IRQHandler                       0x0800011b   Thumb Code     0  startup_stm32f103xb.o(.text)
    I2C2_ER_IRQHandler                       0x0800011b   Thumb Code     0  startup_stm32f103xb.o(.text)
    I2C2_EV_IRQHandler                       0x0800011b   Thumb Code     0  startup_stm32f103xb.o(.text)
    RCC_IRQHandler                           0x0800011b   Thumb Code     0  startup_stm32f103xb.o(.text)
    RTC_Alarm_IRQHandler                     0x0800011b   Thumb Code     0  startup_stm32f103xb.o(.text)
    RTC_IRQHandler                           0x0800011b   Thumb Code     0  startup_stm32f103xb.o(.text)
    SPI1_IRQHandler                          0x0800011b   Thumb Code     0  startup_stm32f103xb.o(.text)
    SPI2_IRQHandler                          0x0800011b   Thumb Code     0  startup_stm32f103xb.o(.text)
    TAMPER_IRQHandler                        0x0800011b   Thumb Code     0  startup_stm32f103xb.o(.text)
    TIM1_BRK_IRQHandler                      0x0800011b   Thumb Code     0  startup_stm32f103xb.o(.text)
    TIM1_CC_IRQHandler                       0x0800011b   Thumb Code     0  startup_stm32f103xb.o(.text)
    TIM1_TRG_COM_IRQHandler                  0x0800011b   Thumb Code     0  startup_stm32f103xb.o(.text)
    TIM1_UP_IRQHandler                       0x0800011b   Thumb Code     0  startup_stm32f103xb.o(.text)
    TIM2_IRQHandler                          0x0800011b   Thumb Code     0  startup_stm32f103xb.o(.text)
    TIM3_IRQHandler                          0x0800011b   Thumb Code     0  startup_stm32f103xb.o(.text)
    TIM4_IRQHandler                          0x0800011b   Thumb Code     0  startup_stm32f103xb.o(.text)
    USBWakeUp_IRQHandler                     0x0800011b   Thumb Code     0  startup_stm32f103xb.o(.text)
    USB_HP_CAN1_TX_IRQHandler                0x0800011b   Thumb Code     0  startup_stm32f103xb.o(.text)
    USB_LP_CAN1_RX0_IRQHandler               0x0800011b   Thumb Code     0  startup_stm32f103xb.o(.text)
    WWDG_IRQHandler                          0x0800011b   Thumb Code     0  startup_stm32f103xb.o(.text)
    __aeabi_llsr                             0x08000125   Thumb Code    32  llushr.o(.text)
    _ll_ushift_r                             0x08000125   Thumb Code     0  llushr.o(.text)
    __aeabi_memset                           0x08000145   Thumb Code    14  memseta.o(.text)
    __aeabi_memset4                          0x08000145   Thumb Code     0  memseta.o(.text)
    __aeabi_memset8                          0x08000145   Thumb Code     0  memseta.o(.text)
    __aeabi_memclr                           0x08000153   Thumb Code     4  memseta.o(.text)
    __aeabi_memclr4                          0x08000153   Thumb Code     0  memseta.o(.text)
    __aeabi_memclr8                          0x08000153   Thumb Code     0  memseta.o(.text)
    _memset$wrapper                          0x08000157   Thumb Code    18  memseta.o(.text)
    __aeabi_fadd                             0x08000169   Thumb Code   164  fadd.o(.text)
    __aeabi_fsub                             0x0800020d   Thumb Code     6  fadd.o(.text)
    __aeabi_frsub                            0x08000213   Thumb Code     6  fadd.o(.text)
    __aeabi_fmul                             0x08000219   Thumb Code   100  fmul.o(.text)
    __aeabi_fdiv                             0x0800027d   Thumb Code   124  fdiv.o(.text)
    __aeabi_dadd                             0x080002f9   Thumb Code   322  dadd.o(.text)
    __aeabi_dsub                             0x0800043b   Thumb Code     6  dadd.o(.text)
    __aeabi_drsub                            0x08000441   Thumb Code     6  dadd.o(.text)
    __aeabi_dmul                             0x08000447   Thumb Code   228  dmul.o(.text)
    __aeabi_ddiv                             0x0800052b   Thumb Code   222  ddiv.o(.text)
    __aeabi_i2f                              0x08000609   Thumb Code    18  fflti.o(.text)
    __aeabi_ui2f                             0x0800061b   Thumb Code    10  ffltui.o(.text)
    __aeabi_i2d                              0x08000625   Thumb Code    34  dflti.o(.text)
    __aeabi_ui2d                             0x08000647   Thumb Code    26  dfltui.o(.text)
    __aeabi_f2iz                             0x08000661   Thumb Code    50  ffixi.o(.text)
    __aeabi_f2d                              0x08000693   Thumb Code    38  f2d.o(.text)
    __aeabi_d2f                              0x080006b9   Thumb Code    56  d2f.o(.text)
    __aeabi_cfcmpeq                          0x080006f1   Thumb Code     0  cfcmple.o(.text)
    __aeabi_cfcmple                          0x080006f1   Thumb Code    20  cfcmple.o(.text)
    __aeabi_cfrcmple                         0x08000705   Thumb Code    20  cfrcmple.o(.text)
    __aeabi_uidiv                            0x08000719   Thumb Code     0  uidiv.o(.text)
    __aeabi_uidivmod                         0x08000719   Thumb Code    44  uidiv.o(.text)
    __aeabi_uldivmod                         0x08000745   Thumb Code    98  uldiv.o(.text)
    __aeabi_llsl                             0x080007a7   Thumb Code    30  llshl.o(.text)
    _ll_shift_l                              0x080007a7   Thumb Code     0  llshl.o(.text)
    __aeabi_lasr                             0x080007c5   Thumb Code    36  llsshr.o(.text)
    _ll_sshift_r                             0x080007c5   Thumb Code     0  llsshr.o(.text)
    __I$use$fp                               0x080007e9   Thumb Code     0  iusefp.o(.text)
    _float_round                             0x080007e9   Thumb Code    18  fepilogue.o(.text)
    _float_epilogue                          0x080007fb   Thumb Code    92  fepilogue.o(.text)
    _double_round                            0x08000857   Thumb Code    30  depilogue.o(.text)
    _double_epilogue                         0x08000875   Thumb Code   156  depilogue.o(.text)
    __aeabi_d2ulz                            0x08000911   Thumb Code    48  dfixul.o(.text)
    __aeabi_cdrcmple                         0x08000941   Thumb Code    48  cdrcmple.o(.text)
    __scatterload                            0x08000971   Thumb Code    28  init.o(.text)
    __scatterload_rt2                        0x08000971   Thumb Code     0  init.o(.text)
    BusFault_Handler                         0x08000995   Thumb Code     2  stm32f1xx_it.o(i.BusFault_Handler)
    CPID_Driver                              0x08000999   Thumb Code   176  cascadepid.o(i.CPID_Driver)
    Command_Analyse                          0x08000a71   Thumb Code  1186  station.o(i.Command_Analyse)
    Control_Init                             0x08000f25   Thumb Code   378  servo_engine.o(i.Control_Init)
    DMA1_Channel2_IRQHandler                 0x080010b1   Thumb Code     6  stm32f1xx_it.o(i.DMA1_Channel2_IRQHandler)
    DMA1_Channel3_IRQHandler                 0x080010bd   Thumb Code     6  stm32f1xx_it.o(i.DMA1_Channel3_IRQHandler)
    DMA1_Channel4_IRQHandler                 0x080010c9   Thumb Code     6  stm32f1xx_it.o(i.DMA1_Channel4_IRQHandler)
    DMA1_Channel5_IRQHandler                 0x080010d5   Thumb Code     6  stm32f1xx_it.o(i.DMA1_Channel5_IRQHandler)
    DMA1_Channel6_IRQHandler                 0x080010e1   Thumb Code     6  stm32f1xx_it.o(i.DMA1_Channel6_IRQHandler)
    DMA_printf                               0x08001119   Thumb Code    34  usart.o(i.DMA_printf)
    DebugMon_Handler                         0x08001141   Thumb Code     2  stm32f1xx_it.o(i.DebugMon_Handler)
    Error_Handler                            0x08001145   Thumb Code    10  main.o(i.Error_Handler)
    GY25_Analyse                             0x08001159   Thumb Code   610  gy25.o(i.GY25_Analyse)
    HAL_DMA_Abort                            0x080013f1   Thumb Code    70  stm32f1xx_hal_dma.o(i.HAL_DMA_Abort)
    HAL_DMA_Abort_IT                         0x08001439   Thumb Code   148  stm32f1xx_hal_dma.o(i.HAL_DMA_Abort_IT)
    HAL_DMA_IRQHandler                       0x080014d1   Thumb Code   316  stm32f1xx_hal_dma.o(i.HAL_DMA_IRQHandler)
    HAL_DMA_Init                             0x08001625   Thumb Code    84  stm32f1xx_hal_dma.o(i.HAL_DMA_Init)
    HAL_DMA_Start_IT                         0x08001681   Thumb Code   112  stm32f1xx_hal_dma.o(i.HAL_DMA_Start_IT)
    HAL_Delay                                0x080016f1   Thumb Code    32  stm32f1xx_hal.o(i.HAL_Delay)
    HAL_GPIO_Init                            0x08001715   Thumb Code   446  stm32f1xx_hal_gpio.o(i.HAL_GPIO_Init)
    HAL_GPIO_WritePin                        0x080018f5   Thumb Code    10  stm32f1xx_hal_gpio.o(i.HAL_GPIO_WritePin)
    HAL_GetTick                              0x08001901   Thumb Code     6  stm32f1xx_hal.o(i.HAL_GetTick)
    HAL_IncTick                              0x0800190d   Thumb Code    12  stm32f1xx_hal.o(i.HAL_IncTick)
    HAL_Init                                 0x0800191d   Thumb Code    32  stm32f1xx_hal.o(i.HAL_Init)
    HAL_InitTick                             0x08001941   Thumb Code    54  stm32f1xx_hal.o(i.HAL_InitTick)
    HAL_MspInit                              0x08001981   Thumb Code    68  stm32f1xx_hal_msp.o(i.HAL_MspInit)
    HAL_NVIC_EnableIRQ                       0x080019cd   Thumb Code    26  stm32f1xx_hal_cortex.o(i.HAL_NVIC_EnableIRQ)
    HAL_NVIC_SetPriority                     0x080019e9   Thumb Code    60  stm32f1xx_hal_cortex.o(i.HAL_NVIC_SetPriority)
    HAL_NVIC_SetPriorityGrouping             0x08001a29   Thumb Code    26  stm32f1xx_hal_cortex.o(i.HAL_NVIC_SetPriorityGrouping)
    HAL_PWR_PVDCallback                      0x08001a4d   Thumb Code     2  stm32f1xx_hal_pwr.o(i.HAL_PWR_PVDCallback)
    HAL_PWR_PVD_IRQHandler                   0x08001a51   Thumb Code    22  stm32f1xx_hal_pwr.o(i.HAL_PWR_PVD_IRQHandler)
    HAL_RCC_ClockConfig                      0x08001a6d   Thumb Code   280  stm32f1xx_hal_rcc.o(i.HAL_RCC_ClockConfig)
    HAL_RCC_GetPCLK1Freq                     0x08001b99   Thumb Code    20  stm32f1xx_hal_rcc.o(i.HAL_RCC_GetPCLK1Freq)
    HAL_RCC_GetPCLK2Freq                     0x08001bb9   Thumb Code    20  stm32f1xx_hal_rcc.o(i.HAL_RCC_GetPCLK2Freq)
    HAL_RCC_GetSysClockFreq                  0x08001bd9   Thumb Code    74  stm32f1xx_hal_rcc.o(i.HAL_RCC_GetSysClockFreq)
    HAL_RCC_OscConfig                        0x08001c45   Thumb Code   778  stm32f1xx_hal_rcc.o(i.HAL_RCC_OscConfig)
    HAL_SYSTICK_Config                       0x08001f65   Thumb Code    40  stm32f1xx_hal_cortex.o(i.HAL_SYSTICK_Config)
    HAL_TIMEx_MasterConfigSynchronization    0x08001f8d   Thumb Code    92  stm32f1xx_hal_tim_ex.o(i.HAL_TIMEx_MasterConfigSynchronization)
    HAL_TIM_MspPostInit                      0x08001ff5   Thumb Code   120  tim.o(i.HAL_TIM_MspPostInit)
    HAL_TIM_PWM_ConfigChannel                0x08002081   Thumb Code   198  stm32f1xx_hal_tim.o(i.HAL_TIM_PWM_ConfigChannel)
    HAL_TIM_PWM_Init                         0x08002147   Thumb Code    90  stm32f1xx_hal_tim.o(i.HAL_TIM_PWM_Init)
    HAL_TIM_PWM_MspInit                      0x080021a1   Thumb Code    52  tim.o(i.HAL_TIM_PWM_MspInit)
    HAL_TIM_PWM_Start                        0x080021e1   Thumb Code   144  stm32f1xx_hal_tim.o(i.HAL_TIM_PWM_Start)
    HAL_UARTEx_RxEventCallback               0x0800227d   Thumb Code     2  stm32f1xx_hal_uart.o(i.HAL_UARTEx_RxEventCallback)
    HAL_UART_DMAStop                         0x0800227f   Thumb Code    88  stm32f1xx_hal_uart.o(i.HAL_UART_DMAStop)
    HAL_UART_ErrorCallback                   0x080022d7   Thumb Code     2  stm32f1xx_hal_uart.o(i.HAL_UART_ErrorCallback)
    HAL_UART_IRQHandler                      0x080022d9   Thumb Code   520  stm32f1xx_hal_uart.o(i.HAL_UART_IRQHandler)
    HAL_UART_Init                            0x080024e5   Thumb Code    98  stm32f1xx_hal_uart.o(i.HAL_UART_Init)
    HAL_UART_MspInit                         0x08002549   Thumb Code   578  usart.o(i.HAL_UART_MspInit)
    HAL_UART_Receive_DMA                     0x080027b1   Thumb Code    42  stm32f1xx_hal_uart.o(i.HAL_UART_Receive_DMA)
    HAL_UART_Receive_IT                      0x080027db   Thumb Code    42  stm32f1xx_hal_uart.o(i.HAL_UART_Receive_IT)
    HAL_UART_RxCpltCallback                  0x08002805   Thumb Code    20  main.o(i.HAL_UART_RxCpltCallback)
    HAL_UART_RxHalfCpltCallback              0x08002821   Thumb Code     2  stm32f1xx_hal_uart.o(i.HAL_UART_RxHalfCpltCallback)
    HAL_UART_Transmit                        0x08002825   Thumb Code   178  stm32f1xx_hal_uart.o(i.HAL_UART_Transmit)
    HAL_UART_Transmit_DMA                    0x080028d9   Thumb Code   114  stm32f1xx_hal_uart.o(i.HAL_UART_Transmit_DMA)
    HAL_UART_TxCpltCallback                  0x08002959   Thumb Code     2  stm32f1xx_hal_uart.o(i.HAL_UART_TxCpltCallback)
    HAL_UART_TxHalfCpltCallback              0x0800295b   Thumb Code     2  stm32f1xx_hal_uart.o(i.HAL_UART_TxHalfCpltCallback)
    HardFault_Handler                        0x0800295d   Thumb Code     2  stm32f1xx_it.o(i.HardFault_Handler)
    Init_User                                0x08002961   Thumb Code   322  init.o(i.Init_User)
    Limit_Init                               0x08002b1d   Thumb Code  1710  sbus.o(i.Limit_Init)
    MX_DMA_Init                              0x080031ed   Thumb Code   104  dma.o(i.MX_DMA_Init)
    MX_GPIO_Init                             0x08003259   Thumb Code   118  gpio.o(i.MX_GPIO_Init)
    MX_TIM3_Init                             0x080032d9   Thumb Code   154  tim.o(i.MX_TIM3_Init)
    MX_TIM4_Init                             0x0800337d   Thumb Code   152  tim.o(i.MX_TIM4_Init)
    MX_USART1_UART_Init                      0x0800341d   Thumb Code    48  usart.o(i.MX_USART1_UART_Init)
    MX_USART2_UART_Init                      0x08003455   Thumb Code    54  usart.o(i.MX_USART2_UART_Init)
    MX_USART3_UART_Init                      0x08003499   Thumb Code    48  usart.o(i.MX_USART3_UART_Init)
    MemManage_Handler                        0x080034d1   Thumb Code     2  stm32f1xx_it.o(i.MemManage_Handler)
    NMI_Handler                              0x080034d3   Thumb Code     2  stm32f1xx_it.o(i.NMI_Handler)
    Order_set                                0x080034d5   Thumb Code  1452  station.o(i.Order_set)
    PID_AllInit                              0x08003a81   Thumb Code   200  pid_init.o(i.PID_AllInit)
    PID_Init                                 0x08003b61   Thumb Code    16  pid.o(i.PID_Init)
    PID_Reinit                               0x08003b71   Thumb Code    96  pid_init.o(i.PID_Reinit)
    PID_SingleCalc                           0x08003bd9   Thumb Code   192  pid.o(i.PID_SingleCalc)
    PVD_IRQHandler                           0x08003c9d   Thumb Code     4  stm32f1xx_it.o(i.PVD_IRQHandler)
    PendSV_Handler                           0x08003ca1   Thumb Code     2  stm32f1xx_it.o(i.PendSV_Handler)
    RudderDisplay                            0x08003ca5   Thumb Code    38  station.o(i.RudderDisplay)
    SBUS_Analyse                             0x08003ce5   Thumb Code   398  sbus.o(i.SBUS_Analyse)
    SVC_Handler                              0x08003e91   Thumb Code     2  stm32f1xx_it.o(i.SVC_Handler)
    Servo_Control1                           0x08003e95   Thumb Code    30  servo_engine.o(i.Servo_Control1)
    Servo_Control3                           0x08003ec1   Thumb Code    10  servo_engine.o(i.Servo_Control3)
    Servo_Control5                           0x08003ed1   Thumb Code    30  servo_engine.o(i.Servo_Control5)
    Servo_Control6                           0x08003efd   Thumb Code    10  servo_engine.o(i.Servo_Control6)
    SysTick_Handler                          0x08003f0d   Thumb Code     4  stm32f1xx_it.o(i.SysTick_Handler)
    SystemClock_Config                       0x08003f11   Thumb Code    88  main.o(i.SystemClock_Config)
    SystemInit                               0x08003f69   Thumb Code     2  system_stm32f1xx.o(i.SystemInit)
    TIM_Base_SetConfig                       0x08003f6d   Thumb Code    94  stm32f1xx_hal_tim.o(i.TIM_Base_SetConfig)
    TIM_CCxChannelCmd                        0x08003fd9   Thumb Code    26  stm32f1xx_hal_tim.o(i.TIM_CCxChannelCmd)
    TIM_OC2_SetConfig                        0x08004045   Thumb Code    84  stm32f1xx_hal_tim.o(i.TIM_OC2_SetConfig)
    UART_Start_Receive_DMA                   0x080043f1   Thumb Code    98  stm32f1xx_hal_uart.o(i.UART_Start_Receive_DMA)
    UART_Start_Receive_IT                    0x08004461   Thumb Code    54  stm32f1xx_hal_uart.o(i.UART_Start_Receive_IT)
    USART1_IRQHandler                        0x080044fd   Thumb Code    54  stm32f1xx_it.o(i.USART1_IRQHandler)
    USART2_IRQHandler                        0x0800453d   Thumb Code     6  stm32f1xx_it.o(i.USART2_IRQHandler)
    USART3_IRQHandler                        0x08004549   Thumb Code    56  stm32f1xx_it.o(i.USART3_IRQHandler)
    UsageFault_Handler                       0x08004589   Thumb Code     2  stm32f1xx_it.o(i.UsageFault_Handler)
    __0printf                                0x0800458d   Thumb Code    22  printfa.o(i.__0printf)
    __1printf                                0x0800458d   Thumb Code     0  printfa.o(i.__0printf)
    __2printf                                0x0800458d   Thumb Code     0  printfa.o(i.__0printf)
    __c89printf                              0x0800458d   Thumb Code     0  printfa.o(i.__0printf)
    printf                                   0x0800458d   Thumb Code     0  printfa.o(i.__0printf)
    __0vsnprintf                             0x080045ad   Thumb Code    40  printfa.o(i.__0vsnprintf)
    __1vsnprintf                             0x080045ad   Thumb Code     0  printfa.o(i.__0vsnprintf)
    __2vsnprintf                             0x080045ad   Thumb Code     0  printfa.o(i.__0vsnprintf)
    __c89vsnprintf                           0x080045ad   Thumb Code     0  printfa.o(i.__0vsnprintf)
    vsnprintf                                0x080045ad   Thumb Code     0  printfa.o(i.__0vsnprintf)
    __scatterload_copy                       0x080045f9   Thumb Code    14  handlers.o(i.__scatterload_copy)
    __scatterload_null                       0x08004607   Thumb Code     2  handlers.o(i.__scatterload_null)
    __scatterload_zeroinit                   0x08004609   Thumb Code    14  handlers.o(i.__scatterload_zeroinit)
    fputc                                    0x08004ee1   Thumb Code    20  main.o(i.fputc)
    main                                     0x08004ef9   Thumb Code   106  main.o(i.main)
    map                                      0x08004f6d   Thumb Code    60  main.o(i.map)
    update_sbus                              0x08004fa9   Thumb Code   302  sbus.o(i.update_sbus)
    AHBPrescTable                            0x080050dc   Data          16  system_stm32f1xx.o(.constdata)
    APBPrescTable                            0x080050ec   Data           8  system_stm32f1xx.o(.constdata)
    Region$$Table$$Base                      0x080050f4   Number         0  anon$$obj.o(Region$$Table)
    Region$$Table$$Limit                     0x08005114   Number         0  anon$$obj.o(Region$$Table)
    CH1Min                                   0x20000000   Data           4  main.o(.data)
    CH1Mid                                   0x20000004   Data           4  main.o(.data)
    CH1MAX                                   0x20000008   Data           4  main.o(.data)
    CH2Min                                   0x2000000c   Data           4  main.o(.data)
    CH2Mid                                   0x20000010   Data           4  main.o(.data)
    CH2MAX                                   0x20000014   Data           4  main.o(.data)
    CH3Min                                   0x20000018   Data           4  main.o(.data)
    CH3Mid                                   0x2000001c   Data           4  main.o(.data)
    CH3MAX                                   0x20000020   Data           4  main.o(.data)
    CH4Min                                   0x20000024   Data           4  main.o(.data)
    CH4Mid                                   0x20000028   Data           4  main.o(.data)
    CH4MAX                                   0x2000002c   Data           4  main.o(.data)
    Pitch_Min                                0x20000030   Data           4  main.o(.data)
    Pitch_Max                                0x20000034   Data           4  main.o(.data)
    Roll_Min                                 0x20000038   Data           4  main.o(.data)
    Roll_Max                                 0x2000003c   Data           4  main.o(.data)
    GY25_pitch                               0x20000040   Data           4  main.o(.data)
    GY25_roll                                0x20000044   Data           4  main.o(.data)
    GY25_yaw                                 0x20000048   Data           4  main.o(.data)
    uwTickFreq                               0x2000004c   Data           1  stm32f1xx_hal.o(.data)
    uwTickPrio                               0x20000050   Data           4  stm32f1xx_hal.o(.data)
    uwTick                                   0x20000054   Data           4  stm32f1xx_hal.o(.data)
    SystemCoreClock                          0x20000058   Data           4  system_stm32f1xx.o(.data)
    USART2_RX_STA                            0x2000005c   Data           2  sbus.o(.data)
    p_order                                  0x20000060   Data           4  servo_engine.o(.data)
    Dif                                      0x20000064   Data           4  station.o(.data)
    LEVEL_                                   0x20000068   Data          20  station.o(.data)
    proll                                    0x2000007c   Data           4  pid_init.o(.data)
    ppitch                                   0x20000080   Data           4  pid_init.o(.data)
    pyaw                                     0x20000084   Data           4  pid_init.o(.data)
    cproll                                   0x20000088   Data           4  pid_init.o(.data)
    cppitch                                  0x2000008c   Data           4  pid_init.o(.data)
    cpyaw                                    0x20000090   Data           4  pid_init.o(.data)
    P_PID_MAXI                               0x20000094   Data           4  pid_init.o(.data)
    P_PID_MAXO                               0x20000098   Data           4  pid_init.o(.data)
    R_PID_MAXI                               0x2000009c   Data           4  pid_init.o(.data)
    R_PID_MAXO                               0x200000a0   Data           4  pid_init.o(.data)
    P_PID_K                                  0x200000a4   Data           4  pid_init.o(.data)
    P_PID_I                                  0x200000a8   Data           4  pid_init.o(.data)
    P_PID_D                                  0x200000ac   Data           4  pid_init.o(.data)
    R_PID_K                                  0x200000b0   Data           4  pid_init.o(.data)
    R_PID_I                                  0x200000b4   Data           4  pid_init.o(.data)
    R_PID_D                                  0x200000b8   Data           4  pid_init.o(.data)
    __stdout                                 0x200000bc   Data           4  stdout.o(.data)
    htim3                                    0x200000c0   Data          72  tim.o(.bss)
    htim4                                    0x20000108   Data          72  tim.o(.bss)
    DMA_PRINTF_BUFF                          0x20000150   Data         100  usart.o(.bss)
    huart1                                   0x200001b4   Data          68  usart.o(.bss)
    huart2                                   0x200001f8   Data          68  usart.o(.bss)
    huart3                                   0x2000023c   Data          68  usart.o(.bss)
    hdma_usart1_rx                           0x20000280   Data          68  usart.o(.bss)
    hdma_usart1_tx                           0x200002c4   Data          68  usart.o(.bss)
    hdma_usart2_rx                           0x20000308   Data          68  usart.o(.bss)
    hdma_usart3_rx                           0x2000034c   Data          68  usart.o(.bss)
    hdma_usart3_tx                           0x20000390   Data          68  usart.o(.bss)
    SBUS_CH                                  0x200003d4   Data         204  sbus.o(.bss)
    SBUS                                     0x200004a0   Data          30  sbus.o(.bss)
    aRxBuffer2                               0x200004be   Data          25  sbus.o(.bss)
    USART2_RX_BUF                            0x200004d7   Data          25  sbus.o(.bss)
    Pangle_PWM                               0x200004f0   Data          20  servo_engine.o(.bss)
    PID_PWM                                  0x20000504   Data          20  servo_engine.o(.bss)
    CPID_PWM                                 0x20000518   Data          20  servo_engine.o(.bss)
    Order                                    0x20000530   Data          80  servo_engine.o(.bss)
    LEVEL                                    0x20000580   Data          12  station.o(.bss)
    Angle_limit                              0x2000058c   Data          16  station.o(.bss)
    SRE_PID                                  0x2000059c   Data          12  station.o(.bss)
    SRE_C                                    0x200005a8   Data          20  station.o(.bss)
    Controller                               0x200005bc   Data         100  station.o(.bss)
    R_PID                                    0x20000620   Data          16  station.o(.bss)
    P_PID                                    0x20000630   Data          16  station.o(.bss)
    LINK_USER1                               0x20000640   Data        1016  station.o(.bss)
    USART3_RX                                0x20000a38   Data        1000  station.o(.bss)
    USART1_RX                                0x20000e20   Data        1000  gy25.o(.bss)
    GY25_Now                                 0x20001208   Data          20  gy25.o(.bss)
    GY25_GYRO                                0x2000121c   Data          40  gy25.o(.bss)
    pproll                                   0x20001244   Data          36  pid_init.o(.bss)
    pppitch                                  0x20001268   Data          36  pid_init.o(.bss)
    ppyaw                                    0x2000128c   Data          36  pid_init.o(.bss)
    cpproll                                  0x200012b0   Data          36  pid_init.o(.bss)
    cpppitch                                 0x200012d4   Data          36  pid_init.o(.bss)
    cppyaw                                   0x200012f8   Data          36  pid_init.o(.bss)
    CPID_MAXI                                0x2000131c   Data          12  pid_init.o(.bss)
    CPID_MAXO                                0x20001328   Data          12  pid_init.o(.bss)
    CP_PID                                   0x20001334   Data          16  pid_init.o(.bss)
    CR_PID                                   0x20001344   Data          16  pid_init.o(.bss)
    __initial_sp                             0x20001758   Data           0  startup_stm32f103xb.o(STACK)



==============================================================================

Memory Map of the image

  Image Entry point : 0x080000ed

  Load Region LR_IROM1 (Base: 0x08000000, Size: 0x000051d4, Max: 0x00010000, ABSOLUTE)

    Execution Region ER_IROM1 (Exec base: 0x08000000, Load base: 0x08000000, Size: 0x00005114, Max: 0x00010000, ABSOLUTE)

    Exec Addr    Load Addr    Size         Type   Attr      Idx    E Section Name        Object

    0x08000000   0x08000000   0x000000ec   Data   RO            3    RESET               startup_stm32f103xb.o
    0x080000ec   0x080000ec   0x00000000   Code   RO         3593  * .ARM.Collect$$$$00000000  mc_w.l(entry.o)
    0x080000ec   0x080000ec   0x00000004   Code   RO         3895    .ARM.Collect$$$$00000001  mc_w.l(entry2.o)
    0x080000f0   0x080000f0   0x00000004   Code   RO         3898    .ARM.Collect$$$$00000004  mc_w.l(entry5.o)
    0x080000f4   0x080000f4   0x00000000   Code   RO         3900    .ARM.Collect$$$$00000008  mc_w.l(entry7b.o)
    0x080000f4   0x080000f4   0x00000000   Code   RO         3902    .ARM.Collect$$$$0000000A  mc_w.l(entry8b.o)
    0x080000f4   0x080000f4   0x00000008   Code   RO         3903    .ARM.Collect$$$$0000000B  mc_w.l(entry9a.o)
    0x080000fc   0x080000fc   0x00000000   Code   RO         3905    .ARM.Collect$$$$0000000D  mc_w.l(entry10a.o)
    0x080000fc   0x080000fc   0x00000000   Code   RO         3907    .ARM.Collect$$$$0000000F  mc_w.l(entry11a.o)
    0x080000fc   0x080000fc   0x00000004   Code   RO         3896    .ARM.Collect$$$$00002712  mc_w.l(entry2.o)
    0x08000100   0x08000100   0x00000024   Code   RO            4    .text               startup_stm32f103xb.o
    0x08000124   0x08000124   0x00000020   Code   RO         3596    .text               mc_w.l(llushr.o)
    0x08000144   0x08000144   0x00000024   Code   RO         3598    .text               mc_w.l(memseta.o)
    0x08000168   0x08000168   0x000000b0   Code   RO         3861    .text               mf_w.l(fadd.o)
    0x08000218   0x08000218   0x00000064   Code   RO         3863    .text               mf_w.l(fmul.o)
    0x0800027c   0x0800027c   0x0000007c   Code   RO         3865    .text               mf_w.l(fdiv.o)
    0x080002f8   0x080002f8   0x0000014e   Code   RO         3869    .text               mf_w.l(dadd.o)
    0x08000446   0x08000446   0x000000e4   Code   RO         3871    .text               mf_w.l(dmul.o)
    0x0800052a   0x0800052a   0x000000de   Code   RO         3873    .text               mf_w.l(ddiv.o)
    0x08000608   0x08000608   0x00000012   Code   RO         3877    .text               mf_w.l(fflti.o)
    0x0800061a   0x0800061a   0x0000000a   Code   RO         3879    .text               mf_w.l(ffltui.o)
    0x08000624   0x08000624   0x00000022   Code   RO         3881    .text               mf_w.l(dflti.o)
    0x08000646   0x08000646   0x0000001a   Code   RO         3883    .text               mf_w.l(dfltui.o)
    0x08000660   0x08000660   0x00000032   Code   RO         3885    .text               mf_w.l(ffixi.o)
    0x08000692   0x08000692   0x00000026   Code   RO         3887    .text               mf_w.l(f2d.o)
    0x080006b8   0x080006b8   0x00000038   Code   RO         3889    .text               mf_w.l(d2f.o)
    0x080006f0   0x080006f0   0x00000014   Code   RO         3891    .text               mf_w.l(cfcmple.o)
    0x08000704   0x08000704   0x00000014   Code   RO         3893    .text               mf_w.l(cfrcmple.o)
    0x08000718   0x08000718   0x0000002c   Code   RO         3910    .text               mc_w.l(uidiv.o)
    0x08000744   0x08000744   0x00000062   Code   RO         3912    .text               mc_w.l(uldiv.o)
    0x080007a6   0x080007a6   0x0000001e   Code   RO         3914    .text               mc_w.l(llshl.o)
    0x080007c4   0x080007c4   0x00000024   Code   RO         3916    .text               mc_w.l(llsshr.o)
    0x080007e8   0x080007e8   0x00000000   Code   RO         3918    .text               mc_w.l(iusefp.o)
    0x080007e8   0x080007e8   0x0000006e   Code   RO         3919    .text               mf_w.l(fepilogue.o)
    0x08000856   0x08000856   0x000000ba   Code   RO         3921    .text               mf_w.l(depilogue.o)
    0x08000910   0x08000910   0x00000030   Code   RO         3923    .text               mf_w.l(dfixul.o)
    0x08000940   0x08000940   0x00000030   Code   RO         3925    .text               mf_w.l(cdrcmple.o)
    0x08000970   0x08000970   0x00000024   Code   RO         3927    .text               mc_w.l(init.o)
    0x08000994   0x08000994   0x00000002   Code   RO          450    i.BusFault_Handler  stm32f1xx_it.o
    0x08000996   0x08000996   0x00000002   PAD
    0x08000998   0x08000998   0x000000d8   Code   RO         3523    i.CPID_Driver       cascadepid.o
    0x08000a70   0x08000a70   0x000004b4   Code   RO         3169    i.Command_Analyse   station.o
    0x08000f24   0x08000f24   0x0000018c   Code   RO         3083    i.Control_Init      servo_engine.o
    0x080010b0   0x080010b0   0x0000000c   Code   RO          451    i.DMA1_Channel2_IRQHandler  stm32f1xx_it.o
    0x080010bc   0x080010bc   0x0000000c   Code   RO          452    i.DMA1_Channel3_IRQHandler  stm32f1xx_it.o
    0x080010c8   0x080010c8   0x0000000c   Code   RO          453    i.DMA1_Channel4_IRQHandler  stm32f1xx_it.o
    0x080010d4   0x080010d4   0x0000000c   Code   RO          454    i.DMA1_Channel5_IRQHandler  stm32f1xx_it.o
    0x080010e0   0x080010e0   0x0000000c   Code   RO          455    i.DMA1_Channel6_IRQHandler  stm32f1xx_it.o
    0x080010ec   0x080010ec   0x0000002a   Code   RO         2014    i.DMA_SetConfig     stm32f1xx_hal_dma.o
    0x08001116   0x08001116   0x00000002   PAD
    0x08001118   0x08001118   0x00000028   Code   RO          386    i.DMA_printf        usart.o
    0x08001140   0x08001140   0x00000002   Code   RO          456    i.DebugMon_Handler  stm32f1xx_it.o
    0x08001142   0x08001142   0x00000002   PAD
    0x08001144   0x08001144   0x00000014   Code   RO           13    i.Error_Handler     main.o
    0x08001158   0x08001158   0x00000298   Code   RO         3216    i.GY25_Analyse      gy25.o
    0x080013f0   0x080013f0   0x00000046   Code   RO         2015    i.HAL_DMA_Abort     stm32f1xx_hal_dma.o
    0x08001436   0x08001436   0x00000002   PAD
    0x08001438   0x08001438   0x00000098   Code   RO         2016    i.HAL_DMA_Abort_IT  stm32f1xx_hal_dma.o
    0x080014d0   0x080014d0   0x00000154   Code   RO         2020    i.HAL_DMA_IRQHandler  stm32f1xx_hal_dma.o
    0x08001624   0x08001624   0x0000005c   Code   RO         2021    i.HAL_DMA_Init      stm32f1xx_hal_dma.o
    0x08001680   0x08001680   0x00000070   Code   RO         2025    i.HAL_DMA_Start_IT  stm32f1xx_hal_dma.o
    0x080016f0   0x080016f0   0x00000024   Code   RO         1643    i.HAL_Delay         stm32f1xx_hal.o
    0x08001714   0x08001714   0x000001e0   Code   RO         1951    i.HAL_GPIO_Init     stm32f1xx_hal_gpio.o
    0x080018f4   0x080018f4   0x0000000a   Code   RO         1955    i.HAL_GPIO_WritePin  stm32f1xx_hal_gpio.o
    0x080018fe   0x080018fe   0x00000002   PAD
    0x08001900   0x08001900   0x0000000c   Code   RO         1647    i.HAL_GetTick       stm32f1xx_hal.o
    0x0800190c   0x0800190c   0x00000010   Code   RO         1653    i.HAL_IncTick       stm32f1xx_hal.o
    0x0800191c   0x0800191c   0x00000024   Code   RO         1654    i.HAL_Init          stm32f1xx_hal.o
    0x08001940   0x08001940   0x00000040   Code   RO         1655    i.HAL_InitTick      stm32f1xx_hal.o
    0x08001980   0x08001980   0x0000004c   Code   RO          603    i.HAL_MspInit       stm32f1xx_hal_msp.o
    0x080019cc   0x080019cc   0x0000001a   Code   RO         2111    i.HAL_NVIC_EnableIRQ  stm32f1xx_hal_cortex.o
    0x080019e6   0x080019e6   0x00000002   PAD
    0x080019e8   0x080019e8   0x00000040   Code   RO         2117    i.HAL_NVIC_SetPriority  stm32f1xx_hal_cortex.o
    0x08001a28   0x08001a28   0x00000024   Code   RO         2118    i.HAL_NVIC_SetPriorityGrouping  stm32f1xx_hal_cortex.o
    0x08001a4c   0x08001a4c   0x00000002   Code   RO         2241    i.HAL_PWR_PVDCallback  stm32f1xx_hal_pwr.o
    0x08001a4e   0x08001a4e   0x00000002   PAD
    0x08001a50   0x08001a50   0x0000001c   Code   RO         2242    i.HAL_PWR_PVD_IRQHandler  stm32f1xx_hal_pwr.o
    0x08001a6c   0x08001a6c   0x0000012c   Code   RO         1811    i.HAL_RCC_ClockConfig  stm32f1xx_hal_rcc.o
    0x08001b98   0x08001b98   0x00000020   Code   RO         1818    i.HAL_RCC_GetPCLK1Freq  stm32f1xx_hal_rcc.o
    0x08001bb8   0x08001bb8   0x00000020   Code   RO         1819    i.HAL_RCC_GetPCLK2Freq  stm32f1xx_hal_rcc.o
    0x08001bd8   0x08001bd8   0x0000006c   Code   RO         1820    i.HAL_RCC_GetSysClockFreq  stm32f1xx_hal_rcc.o
    0x08001c44   0x08001c44   0x00000320   Code   RO         1823    i.HAL_RCC_OscConfig  stm32f1xx_hal_rcc.o
    0x08001f64   0x08001f64   0x00000028   Code   RO         2122    i.HAL_SYSTICK_Config  stm32f1xx_hal_cortex.o
    0x08001f8c   0x08001f8c   0x00000068   Code   RO         1388    i.HAL_TIMEx_MasterConfigSynchronization  stm32f1xx_hal_tim_ex.o
    0x08001ff4   0x08001ff4   0x0000008c   Code   RO          332    i.HAL_TIM_MspPostInit  tim.o
    0x08002080   0x08002080   0x000000c6   Code   RO          737    i.HAL_TIM_PWM_ConfigChannel  stm32f1xx_hal_tim.o
    0x08002146   0x08002146   0x0000005a   Code   RO          740    i.HAL_TIM_PWM_Init  stm32f1xx_hal_tim.o
    0x080021a0   0x080021a0   0x00000040   Code   RO          334    i.HAL_TIM_PWM_MspInit  tim.o
    0x080021e0   0x080021e0   0x0000009c   Code   RO          745    i.HAL_TIM_PWM_Start  stm32f1xx_hal_tim.o
    0x0800227c   0x0800227c   0x00000002   Code   RO         2622    i.HAL_UARTEx_RxEventCallback  stm32f1xx_hal_uart.o
    0x0800227e   0x0800227e   0x00000058   Code   RO         2634    i.HAL_UART_DMAStop  stm32f1xx_hal_uart.o
    0x080022d6   0x080022d6   0x00000002   Code   RO         2636    i.HAL_UART_ErrorCallback  stm32f1xx_hal_uart.o
    0x080022d8   0x080022d8   0x0000020c   Code   RO         2639    i.HAL_UART_IRQHandler  stm32f1xx_hal_uart.o
    0x080024e4   0x080024e4   0x00000062   Code   RO         2640    i.HAL_UART_Init     stm32f1xx_hal_uart.o
    0x08002546   0x08002546   0x00000002   PAD
    0x08002548   0x08002548   0x00000268   Code   RO          388    i.HAL_UART_MspInit  usart.o
    0x080027b0   0x080027b0   0x0000002a   Code   RO         2644    i.HAL_UART_Receive_DMA  stm32f1xx_hal_uart.o
    0x080027da   0x080027da   0x0000002a   Code   RO         2645    i.HAL_UART_Receive_IT  stm32f1xx_hal_uart.o
    0x08002804   0x08002804   0x0000001c   Code   RO           14    i.HAL_UART_RxCpltCallback  main.o
    0x08002820   0x08002820   0x00000002   Code   RO         2647    i.HAL_UART_RxHalfCpltCallback  stm32f1xx_hal_uart.o
    0x08002822   0x08002822   0x00000002   PAD
    0x08002824   0x08002824   0x000000b2   Code   RO         2648    i.HAL_UART_Transmit  stm32f1xx_hal_uart.o
    0x080028d6   0x080028d6   0x00000002   PAD
    0x080028d8   0x080028d8   0x00000080   Code   RO         2649    i.HAL_UART_Transmit_DMA  stm32f1xx_hal_uart.o
    0x08002958   0x08002958   0x00000002   Code   RO         2651    i.HAL_UART_TxCpltCallback  stm32f1xx_hal_uart.o
    0x0800295a   0x0800295a   0x00000002   Code   RO         2652    i.HAL_UART_TxHalfCpltCallback  stm32f1xx_hal_uart.o
    0x0800295c   0x0800295c   0x00000002   Code   RO          457    i.HardFault_Handler  stm32f1xx_it.o
    0x0800295e   0x0800295e   0x00000002   PAD
    0x08002960   0x08002960   0x000001bc   Code   RO         3256    i.Init_User         init.o
    0x08002b1c   0x08002b1c   0x000006d0   Code   RO         3006    i.Limit_Init        sbus.o
    0x080031ec   0x080031ec   0x0000006c   Code   RO          284    i.MX_DMA_Init       dma.o
    0x08003258   0x08003258   0x00000080   Code   RO          256    i.MX_GPIO_Init      gpio.o
    0x080032d8   0x080032d8   0x000000a4   Code   RO          335    i.MX_TIM3_Init      tim.o
    0x0800337c   0x0800337c   0x000000a0   Code   RO          336    i.MX_TIM4_Init      tim.o
    0x0800341c   0x0800341c   0x00000038   Code   RO          389    i.MX_USART1_UART_Init  usart.o
    0x08003454   0x08003454   0x00000044   Code   RO          390    i.MX_USART2_UART_Init  usart.o
    0x08003498   0x08003498   0x00000038   Code   RO          391    i.MX_USART3_UART_Init  usart.o
    0x080034d0   0x080034d0   0x00000002   Code   RO          458    i.MemManage_Handler  stm32f1xx_it.o
    0x080034d2   0x080034d2   0x00000002   Code   RO          459    i.NMI_Handler       stm32f1xx_it.o
    0x080034d4   0x080034d4   0x000005ac   Code   RO         3170    i.Order_set         station.o
    0x08003a80   0x08003a80   0x000000e0   Code   RO         3547    i.PID_AllInit       pid_init.o
    0x08003b60   0x08003b60   0x00000010   Code   RO         3298    i.PID_Init          pid.o
    0x08003b70   0x08003b70   0x00000068   Code   RO         3548    i.PID_Reinit        pid_init.o
    0x08003bd8   0x08003bd8   0x000000c4   Code   RO         3299    i.PID_SingleCalc    pid.o
    0x08003c9c   0x08003c9c   0x00000004   Code   RO          461    i.PVD_IRQHandler    stm32f1xx_it.o
    0x08003ca0   0x08003ca0   0x00000002   Code   RO          462    i.PendSV_Handler    stm32f1xx_it.o
    0x08003ca2   0x08003ca2   0x00000002   PAD
    0x08003ca4   0x08003ca4   0x00000040   Code   RO         3171    i.RudderDisplay     station.o
    0x08003ce4   0x08003ce4   0x000001ac   Code   RO         3007    i.SBUS_Analyse      sbus.o
    0x08003e90   0x08003e90   0x00000002   Code   RO          463    i.SVC_Handler       stm32f1xx_it.o
    0x08003e92   0x08003e92   0x00000002   PAD
    0x08003e94   0x08003e94   0x0000002c   Code   RO         3084    i.Servo_Control1    servo_engine.o
    0x08003ec0   0x08003ec0   0x00000010   Code   RO         3086    i.Servo_Control3    servo_engine.o
    0x08003ed0   0x08003ed0   0x0000002c   Code   RO         3088    i.Servo_Control5    servo_engine.o
    0x08003efc   0x08003efc   0x00000010   Code   RO         3089    i.Servo_Control6    servo_engine.o
    0x08003f0c   0x08003f0c   0x00000004   Code   RO          464    i.SysTick_Handler   stm32f1xx_it.o
    0x08003f10   0x08003f10   0x00000058   Code   RO           15    i.SystemClock_Config  main.o
    0x08003f68   0x08003f68   0x00000002   Code   RO         2969    i.SystemInit        system_stm32f1xx.o
    0x08003f6a   0x08003f6a   0x00000002   PAD
    0x08003f6c   0x08003f6c   0x0000006c   Code   RO          758    i.TIM_Base_SetConfig  stm32f1xx_hal_tim.o
    0x08003fd8   0x08003fd8   0x0000001a   Code   RO          759    i.TIM_CCxChannelCmd  stm32f1xx_hal_tim.o
    0x08003ff2   0x08003ff2   0x00000002   PAD
    0x08003ff4   0x08003ff4   0x00000050   Code   RO          771    i.TIM_OC1_SetConfig  stm32f1xx_hal_tim.o
    0x08004044   0x08004044   0x00000058   Code   RO          772    i.TIM_OC2_SetConfig  stm32f1xx_hal_tim.o
    0x0800409c   0x0800409c   0x00000058   Code   RO          773    i.TIM_OC3_SetConfig  stm32f1xx_hal_tim.o
    0x080040f4   0x080040f4   0x00000044   Code   RO          774    i.TIM_OC4_SetConfig  stm32f1xx_hal_tim.o
    0x08004138   0x08004138   0x00000010   Code   RO         2653    i.UART_DMAAbortOnError  stm32f1xx_hal_uart.o
    0x08004148   0x08004148   0x0000004a   Code   RO         2654    i.UART_DMAError     stm32f1xx_hal_uart.o
    0x08004192   0x08004192   0x0000005a   Code   RO         2655    i.UART_DMAReceiveCplt  stm32f1xx_hal_uart.o
    0x080041ec   0x080041ec   0x0000001a   Code   RO         2657    i.UART_DMARxHalfCplt  stm32f1xx_hal_uart.o
    0x08004206   0x08004206   0x0000002e   Code   RO         2659    i.UART_DMATransmitCplt  stm32f1xx_hal_uart.o
    0x08004234   0x08004234   0x0000000a   Code   RO         2661    i.UART_DMATxHalfCplt  stm32f1xx_hal_uart.o
    0x0800423e   0x0800423e   0x00000030   Code   RO         2663    i.UART_EndRxTransfer  stm32f1xx_hal_uart.o
    0x0800426e   0x0800426e   0x00000012   Code   RO         2664    i.UART_EndTxTransfer  stm32f1xx_hal_uart.o
    0x08004280   0x08004280   0x000000b6   Code   RO         2665    i.UART_Receive_IT   stm32f1xx_hal_uart.o
    0x08004336   0x08004336   0x00000002   PAD
    0x08004338   0x08004338   0x000000b8   Code   RO         2666    i.UART_SetConfig    stm32f1xx_hal_uart.o
    0x080043f0   0x080043f0   0x00000070   Code   RO         2667    i.UART_Start_Receive_DMA  stm32f1xx_hal_uart.o
    0x08004460   0x08004460   0x00000036   Code   RO         2668    i.UART_Start_Receive_IT  stm32f1xx_hal_uart.o
    0x08004496   0x08004496   0x00000064   Code   RO         2669    i.UART_WaitOnFlagUntilTimeout  stm32f1xx_hal_uart.o
    0x080044fa   0x080044fa   0x00000002   PAD
    0x080044fc   0x080044fc   0x00000040   Code   RO          465    i.USART1_IRQHandler  stm32f1xx_it.o
    0x0800453c   0x0800453c   0x0000000c   Code   RO          466    i.USART2_IRQHandler  stm32f1xx_it.o
    0x08004548   0x08004548   0x00000040   Code   RO          467    i.USART3_IRQHandler  stm32f1xx_it.o
    0x08004588   0x08004588   0x00000002   Code   RO          469    i.UsageFault_Handler  stm32f1xx_it.o
    0x0800458a   0x0800458a   0x00000002   PAD
    0x0800458c   0x0800458c   0x00000020   Code   RO         3833    i.__0printf         mc_w.l(printfa.o)
    0x080045ac   0x080045ac   0x0000002c   Code   RO         3838    i.__0vsnprintf      mc_w.l(printfa.o)
    0x080045d8   0x080045d8   0x00000020   Code   RO         2124    i.__NVIC_SetPriority  stm32f1xx_hal_cortex.o
    0x080045f8   0x080045f8   0x0000000e   Code   RO         3931    i.__scatterload_copy  mc_w.l(handlers.o)
    0x08004606   0x08004606   0x00000002   Code   RO         3932    i.__scatterload_null  mc_w.l(handlers.o)
    0x08004608   0x08004608   0x0000000e   Code   RO         3933    i.__scatterload_zeroinit  mc_w.l(handlers.o)
    0x08004616   0x08004616   0x00000002   PAD
    0x08004618   0x08004618   0x00000184   Code   RO         3840    i._fp_digits        mc_w.l(printfa.o)
    0x0800479c   0x0800479c   0x000006dc   Code   RO         3841    i._printf_core      mc_w.l(printfa.o)
    0x08004e78   0x08004e78   0x00000024   Code   RO         3842    i._printf_post_padding  mc_w.l(printfa.o)
    0x08004e9c   0x08004e9c   0x0000002e   Code   RO         3843    i._printf_pre_padding  mc_w.l(printfa.o)
    0x08004eca   0x08004eca   0x00000016   Code   RO         3844    i._snputc           mc_w.l(printfa.o)
    0x08004ee0   0x08004ee0   0x00000018   Code   RO           17    i.fputc             main.o
    0x08004ef8   0x08004ef8   0x00000074   Code   RO           18    i.main              main.o
    0x08004f6c   0x08004f6c   0x0000003c   Code   RO           19    i.map               main.o
    0x08004fa8   0x08004fa8   0x00000134   Code   RO         3008    i.update_sbus       sbus.o
    0x080050dc   0x080050dc   0x00000010   Data   RO         2970    .constdata          system_stm32f1xx.o
    0x080050ec   0x080050ec   0x00000008   Data   RO         2971    .constdata          system_stm32f1xx.o
    0x080050f4   0x080050f4   0x00000020   Data   RO         3929    Region$$Table       anon$$obj.o


    Execution Region RW_IRAM1 (Exec base: 0x20000000, Load base: 0x08005114, Size: 0x00001758, Max: 0x00005000, ABSOLUTE)

    Exec Addr    Load Addr    Size         Type   Attr      Idx    E Section Name        Object

    0x20000000   0x08005114   0x00000040   Data   RW           28    .data               main.o
    0x20000040   0x08005154   0x00000004   Data   RW           29    .data               main.o
    0x20000044   0x08005158   0x00000004   Data   RW           30    .data               main.o
    0x20000048   0x0800515c   0x00000004   Data   RW           31    .data               main.o
    0x2000004c   0x08005160   0x0000000c   Data   RW         1661    .data               stm32f1xx_hal.o
    0x20000058   0x0800516c   0x00000004   Data   RW         2972    .data               system_stm32f1xx.o
    0x2000005c   0x08005170   0x00000002   Data   RW         3010    .data               sbus.o
    0x2000005e   0x08005172   0x00000002   PAD
    0x20000060   0x08005174   0x00000004   Data   RW         3094    .data               servo_engine.o
    0x20000064   0x08005178   0x00000018   Data   RW         3173    .data               station.o
    0x2000007c   0x08005190   0x00000040   Data   RW         3550    .data               pid_init.o
    0x200000bc   0x080051d0   0x00000004   Data   RW         3909    .data               mc_w.l(stdout.o)
    0x200000c0        -       0x00000090   Zero   RW          337    .bss                tim.o
    0x20000150        -       0x00000284   Zero   RW          392    .bss                usart.o
    0x200003d4        -       0x0000011c   Zero   RW         3009    .bss                sbus.o
    0x200004f0        -       0x00000014   Zero   RW         3090    .bss                servo_engine.o
    0x20000504        -       0x00000014   Zero   RW         3091    .bss                servo_engine.o
    0x20000518        -       0x00000014   Zero   RW         3092    .bss                servo_engine.o
    0x2000052c   0x080051d4   0x00000004   PAD
    0x20000530        -       0x00000050   Zero   RW         3093    .bss                servo_engine.o
    0x20000580        -       0x000008a0   Zero   RW         3172    .bss                station.o
    0x20000e20        -       0x00000424   Zero   RW         3217    .bss                gy25.o
    0x20001244        -       0x00000110   Zero   RW         3549    .bss                pid_init.o
    0x20001354   0x080051d4   0x00000004   PAD
    0x20001358        -       0x00000400   Zero   RW            1    STACK               startup_stm32f103xb.o


==============================================================================

Image component sizes


      Code (inc. data)   RO Data    RW Data    ZI Data      Debug   Object Name

       216         40          0          0          0        470   cascadepid.o
       108          4          0          0          0        850   dma.o
       128         10          0          0          0        903   gpio.o
       664         54          0          0       1060       1571   gy25.o
       444        122          0          0          0        632   init.o
       336         32          0         76          0     435145   main.o
       212          4          0          0          0       1456   pid.o
       328         32          0         64        272       2311   pid_init.o
      2480        118          0          2        284       5672   sbus.o
       516         58          0          4        140       3881   servo_engine.o
        36          8        236          0       1024        780   startup_stm32f103xb.o
      2720        484          0         24       2208       4659   station.o
       164         28          0         12          0       5717   stm32f1xx_hal.o
       198         14          0          0          0      28819   stm32f1xx_hal_cortex.o
       808         36          0          0          0       4826   stm32f1xx_hal_dma.o
       490         34          0          0          0       2820   stm32f1xx_hal_gpio.o
        76          8          0          0          0        834   stm32f1xx_hal_msp.o
        30          6          0          0          0        995   stm32f1xx_hal_pwr.o
      1272        100          0          0          0       5052   stm32f1xx_hal_rcc.o
       902         46          0          0          0       7578   stm32f1xx_hal_tim.o
       104         12          0          0          0       1280   stm32f1xx_hal_tim_ex.o
      2070         38          0          0          0      17407   stm32f1xx_hal_uart.o
       224         54          0          0          0       8299   stm32f1xx_it.o
         2          0         24          4          0       1047   system_stm32f1xx.o
       528         50          0          0        144       2952   tim.o
       836         74          0          0        644       4616   usart.o

    ----------------------------------------------------------------------
     15928       1466        292        188       5784     550572   Object Totals
         0          0         32          0          0          0   (incl. Generated)
        36          0          0          2          8          0   (incl. Padding)

    ----------------------------------------------------------------------

      Code (inc. data)   RO Data    RW Data    ZI Data      Debug   Library Member Name

         0          0          0          0          0          0   entry.o
         0          0          0          0          0          0   entry10a.o
         0          0          0          0          0          0   entry11a.o
         8          4          0          0          0          0   entry2.o
         4          0          0          0          0          0   entry5.o
         0          0          0          0          0          0   entry7b.o
         0          0          0          0          0          0   entry8b.o
         8          4          0          0          0          0   entry9a.o
        30          0          0          0          0          0   handlers.o
        36          8          0          0          0         68   init.o
         0          0          0          0          0          0   iusefp.o
        30          0          0          0          0         68   llshl.o
        36          0          0          0          0         68   llsshr.o
        32          0          0          0          0         68   llushr.o
        36          0          0          0          0        108   memseta.o
      2324         94          0          0          0        600   printfa.o
         0          0          0          4          0          0   stdout.o
        44          0          0          0          0         80   uidiv.o
        98          0          0          0          0         92   uldiv.o
        48          0          0          0          0         68   cdrcmple.o
        20          0          0          0          0         68   cfcmple.o
        20          0          0          0          0         68   cfrcmple.o
        56          0          0          0          0         88   d2f.o
       334          0          0          0          0        148   dadd.o
       222          0          0          0          0        100   ddiv.o
       186          0          0          0          0        176   depilogue.o
        48          0          0          0          0         68   dfixul.o
        34          0          0          0          0         76   dflti.o
        26          0          0          0          0         76   dfltui.o
       228          0          0          0          0         96   dmul.o
        38          0          0          0          0         68   f2d.o
       176          0          0          0          0        140   fadd.o
       124          0          0          0          0         88   fdiv.o
       110          0          0          0          0        168   fepilogue.o
        50          0          0          0          0         68   ffixi.o
        18          0          0          0          0         68   fflti.o
        10          0          0          0          0         68   ffltui.o
       100          0          0          0          0         76   fmul.o

    ----------------------------------------------------------------------
      4536        110          0          4          0       2928   Library Totals
         2          0          0          0          0          0   (incl. Padding)

    ----------------------------------------------------------------------

      Code (inc. data)   RO Data    RW Data    ZI Data      Debug   Library Name

      2686        110          0          4          0       1152   mc_w.l
      1848          0          0          0          0       1776   mf_w.l

    ----------------------------------------------------------------------
      4536        110          0          4          0       2928   Library Totals

    ----------------------------------------------------------------------

==============================================================================


      Code (inc. data)   RO Data    RW Data    ZI Data      Debug   

     20464       1576        292        192       5784     546164   Grand Totals
     20464       1576        292        192       5784     546164   ELF Image Totals
     20464       1576        292        192          0          0   ROM Totals

==============================================================================

    Total RO  Size (Code + RO Data)                20756 (  20.27kB)
    Total RW  Size (RW Data + ZI Data)              5976 (   5.84kB)
    Total ROM Size (Code + RO Data + RW Data)      20948 (  20.46kB)

==============================================================================

