<html>
<body>
<pre>
<h1>µVision Build Log</h1>
<h2>Tool Versions:</h2>
IDE-Version: ¦ÌVision V5.31.0.0
Copyright (C) 2020 ARM Ltd and ARM Germany GmbH. All rights reserved.
License Information: 1 2, 34, LIC=LSNXV-PIB67-MMJ9I-TLG37-3GT9X-3B7UV
 
Tool Versions:
Toolchain:       MDK-ARM Plus  Version: 5.31.0.0
Toolchain Path:  D:\54188\MDK51204\keil531\ARM\ARMCC\Bin
C Compiler:      Armcc.exe V5.06 update 6 (build 750)
Assembler:       Armasm.exe V5.06 update 6 (build 750)
Linker/Locator:  ArmLink.exe V5.06 update 6 (build 750)
Library Manager: ArmAr.exe V5.06 update 6 (build 750)
Hex Converter:   FromElf.exe V5.06 update 6 (build 750)
CPU DLL:         SARMCM3.DLL V5.31.0.0
Dialog DLL:      DCM.DLL V1.17.3.0
Target DLL:      STLink\ST-LINKIII-KEIL_SWO.dll V3.0.7.0
Dialog DLL:      TCM.DLL V1.46.0.0
 
<h2>Project:</h2>
C:\Users\86131\Desktop\POWER\MDK-ARM\POWER.uvprojx
Project File Date:  08/06/2022

<h2>Output:</h2>
*** Using Compiler 'V5.06 update 6 (build 750)', folder: 'D:\54188\MDK51204\keil531\ARM\ARMCC\Bin'
Rebuild target 'POWER'
assembling startup_stm32f103xb.s...
compiling gpio.c...
compiling stm32f1xx_hal_gpio_ex.c...
compiling stm32f1xx_hal_msp.c...
compiling usart.c...
../Core/Src/usart.c(32): warning:  #223-D: function "vsnprintf" declared implicitly
      length = vsnprintf((char *)DMA_PRINTF_BUFF, sizeof(DMA_PRINTF_BUFF), (char *)format, args);
../Core/Src/usart.c: 1 warning, 0 errors
compiling dma.c...
../MYWORK/mavlink_user.h(34): warning:  #1-D: last line of file ends without a newline
  #endif
../Core/Inc/PID_Init.h(29): warning:  #1-D: last line of file ends without a newline
  #endif
../MYWORK/GY25.h(19): warning:  #1-D: last line of file ends without a newline
  #endif
../Core/Inc/CascadePID.h(17): warning:  #1-D: last line of file ends without a newline
  #endif
../Core/Inc/PID_Init.h(29): warning:  #1-D: last line of file ends without a newline
  #endif
../MYWORK/servo_engine.h(32): warning:  #1-D: last line of file ends without a newline
  #endif
../Core/Src/dma.c: 6 warnings, 0 errors
compiling stm32f1xx_it.c...
../MYWORK/mavlink_user.h(34): warning:  #1-D: last line of file ends without a newline
  #endif
../MYWORK/GY25.h(19): warning:  #1-D: last line of file ends without a newline
  #endif
../Core/Inc/PID_Init.h(29): warning:  #1-D: last line of file ends without a newline
  #endif
../Core/Inc/CascadePID.h(17): warning:  #1-D: last line of file ends without a newline
  #endif
../Core/Inc/PID_Init.h(29): warning:  #1-D: last line of file ends without a newline
  #endif
../MYWORK/servo_engine.h(32): warning:  #1-D: last line of file ends without a newline
  #endif
../Core/Src/stm32f1xx_it.c: 6 warnings, 0 errors
compiling main.c...
../MYWORK/mavlink_user.h(34): warning:  #1-D: last line of file ends without a newline
  #endif
../Core/Inc/PID_Init.h(29): warning:  #1-D: last line of file ends without a newline
  #endif
../MYWORK/GY25.h(19): warning:  #1-D: last line of file ends without a newline
  #endif
../Core/Inc/CascadePID.h(17): warning:  #1-D: last line of file ends without a newline
  #endif
../Core/Inc/PID_Init.h(29): warning:  #1-D: last line of file ends without a newline
  #endif
../MYWORK/servo_engine.h(32): warning:  #1-D: last line of file ends without a newline
  #endif
../MYWORK/Init.h(7): warning:  #1-D: last line of file ends without a newline
  #endif
../Core/Src/main.c: 7 warnings, 0 errors
compiling tim.c...
compiling stm32f1xx_hal_gpio.c...
compiling stm32f1xx_hal_rcc.c...
compiling stm32f1xx_hal.c...
compiling stm32f1xx_hal_rcc_ex.c...
compiling stm32f1xx_hal_cortex.c...
compiling stm32f1xx_hal_tim_ex.c...
compiling stm32f1xx_hal_dma.c...
compiling stm32f1xx_hal_tim.c...
compiling stm32f1xx_hal_exti.c...
compiling stm32f1xx_hal_flash.c...
compiling system_stm32f1xx.c...
compiling servo_engine.c...
..\MYWORK\mavlink_user.h(34): warning:  #1-D: last line of file ends without a newline
  #endif
..\MYWORK\servo_engine.h(32): warning:  #1-D: last line of file ends without a newline
  #endif
..\MYWORK\GY25.h(19): warning:  #1-D: last line of file ends without a newline
  #endif
../Core/Inc/PID_Init.h(29): warning:  #1-D: last line of file ends without a newline
  #endif
../Core/Inc/CascadePID.h(17): warning:  #1-D: last line of file ends without a newline
  #endif
../Core/Inc/PID_Init.h(29): warning:  #1-D: last line of file ends without a newline
  #endif
..\MYWORK\servo_engine.h(32): warning:  #1-D: last line of file ends without a newline
  #endif
..\MYWORK\servo_engine.c(152): warning:  #1-D: last line of file ends without a newline
  }
..\MYWORK\servo_engine.c: 8 warnings, 0 errors
compiling stm32f1xx_hal_flash_ex.c...
compiling stm32f1xx_hal_pwr.c...
compiling sbus.c...
..\MYWORK\mavlink_user.h(34): warning:  #1-D: last line of file ends without a newline
  #endif
../Core/Inc/PID_Init.h(29): warning:  #1-D: last line of file ends without a newline
  #endif
../MYWORK/GY25.h(19): warning:  #1-D: last line of file ends without a newline
  #endif
../Core/Inc/CascadePID.h(17): warning:  #1-D: last line of file ends without a newline
  #endif
../Core/Inc/PID_Init.h(29): warning:  #1-D: last line of file ends without a newline
  #endif
..\MYWORK\servo_engine.h(32): warning:  #1-D: last line of file ends without a newline
  #endif
..\MYWORK\sbus.c(96): warning:  #29-D: expected an expression
  #elif
..\MYWORK\sbus.c(174): warning:  #1-D: last line of file ends without a newline
  }
..\MYWORK\sbus.c: 8 warnings, 0 errors
compiling stm32f1xx_hal_uart.c...
compiling delay_user.c...
compiling fuzzypid.c...
compiling PID.c...
..\MYWORK\mavlink_user.h(34): warning:  #1-D: last line of file ends without a newline
  #endif
..\MYWORK\PID.c: 1 warning, 0 errors
compiling GY25.c...
..\MYWORK\mavlink_user.h(34): warning:  #1-D: last line of file ends without a newline
  #endif
..\MYWORK\GY25.h(19): warning:  #1-D: last line of file ends without a newline
  #endif
../Core/Inc/PID_Init.h(29): warning:  #1-D: last line of file ends without a newline
  #endif
../Core/Inc/CascadePID.h(17): warning:  #1-D: last line of file ends without a newline
  #endif
../Core/Inc/PID_Init.h(29): warning:  #1-D: last line of file ends without a newline
  #endif
..\MYWORK\servo_engine.h(32): warning:  #1-D: last line of file ends without a newline
  #endif
..\MYWORK\GY25.c: 6 warnings, 0 errors
compiling Init.c...
..\MYWORK\mavlink_user.h(34): warning:  #1-D: last line of file ends without a newline
  #endif
../Core/Inc/PID_Init.h(29): warning:  #1-D: last line of file ends without a newline
  #endif
../MYWORK/GY25.h(19): warning:  #1-D: last line of file ends without a newline
  #endif
../Core/Inc/CascadePID.h(17): warning:  #1-D: last line of file ends without a newline
  #endif
../Core/Inc/PID_Init.h(29): warning:  #1-D: last line of file ends without a newline
  #endif
..\MYWORK\servo_engine.h(32): warning:  #1-D: last line of file ends without a newline
  #endif
..\MYWORK\Init.c: 6 warnings, 0 errors
compiling CascadePID.c...
../MYWORK/mavlink_user.h(34): warning:  #1-D: last line of file ends without a newline
  #endif
../Core/Inc/CascadePID.h(17): warning:  #1-D: last line of file ends without a newline
  #endif
../Core/Inc/PID_Init.h(29): warning:  #1-D: last line of file ends without a newline
  #endif
../MYWORK/GY25.h(19): warning:  #1-D: last line of file ends without a newline
  #endif
../MYWORK/servo_engine.h(32): warning:  #1-D: last line of file ends without a newline
  #endif
../Core/Inc/CascadePID.h(17): warning:  #1-D: last line of file ends without a newline
  #endif
..\Core\Src\CascadePID.c(17): warning:  #1-D: last line of file ends without a newline
  }
..\Core\Src\CascadePID.c: 7 warnings, 0 errors
compiling station.c...
..\MYWORK\mavlink_user.h(34): warning:  #1-D: last line of file ends without a newline
  #endif
..\MYWORK\GY25.h(19): warning:  #1-D: last line of file ends without a newline
  #endif
../Core/Inc/PID_Init.h(29): warning:  #1-D: last line of file ends without a newline
  #endif
../Core/Inc/CascadePID.h(17): warning:  #1-D: last line of file ends without a newline
  #endif
../Core/Inc/PID_Init.h(29): warning:  #1-D: last line of file ends without a newline
  #endif
..\MYWORK\servo_engine.h(32): warning:  #1-D: last line of file ends without a newline
  #endif
..\MYWORK\station.c(210): warning:  #1-D: last line of file ends without a newline
  }
..\MYWORK\station.c: 7 warnings, 0 errors
compiling Flash.c...
..\MYWORK\mavlink_user.h(34): warning:  #1-D: last line of file ends without a newline
  #endif
..\MYWORK\GY25.h(19): warning:  #1-D: last line of file ends without a newline
  #endif
../Core/Inc/PID_Init.h(29): warning:  #1-D: last line of file ends without a newline
  #endif
../Core/Inc/CascadePID.h(17): warning:  #1-D: last line of file ends without a newline
  #endif
../Core/Inc/PID_Init.h(29): warning:  #1-D: last line of file ends without a newline
  #endif
..\MYWORK\servo_engine.h(32): warning:  #1-D: last line of file ends without a newline
  #endif
..\MYWORK\Flash.c: 6 warnings, 0 errors
compiling PID_Init.c...
../MYWORK/mavlink_user.h(34): warning:  #1-D: last line of file ends without a newline
  #endif
../Core/Inc/PID_Init.h(29): warning:  #1-D: last line of file ends without a newline
  #endif
../MYWORK/GY25.h(19): warning:  #1-D: last line of file ends without a newline
  #endif
../MYWORK/servo_engine.h(32): warning:  #1-D: last line of file ends without a newline
  #endif
../Core/Inc/CascadePID.h(17): warning:  #1-D: last line of file ends without a newline
  #endif
../Core/Inc/PID_Init.h(29): warning:  #1-D: last line of file ends without a newline
  #endif
..\Core\Src\PID_Init.c(88): warning:  #1-D: last line of file ends without a newline
  }
..\Core\Src\PID_Init.c: 7 warnings, 0 errors
linking...
Program Size: Code=20464 RO-data=292 RW-data=192 ZI-data=5784  
FromELF: creating hex file...
"MPU6050_HAL\MPU6050_HAL.axf" - 0 Error(s), 76 Warning(s).

<h2>Software Packages used:</h2>

Package Vendor: ARM
                http://www.keil.com/pack/ARM.CMSIS.5.7.0.pack
                ARM.CMSIS.5.7.0
                CMSIS (Cortex Microcontroller Software Interface Standard)
   * Component: CORE Version: 5.4.0

Package Vendor: Keil
                http://www.keil.com/pack/Keil.STM32F1xx_DFP.2.3.0.pack
                Keil.STM32F1xx_DFP.2.3.0
                STMicroelectronics STM32F1 Series Device Support, Drivers and Examples

<h2>Collection of Component include folders:</h2>
  .\RTE\_POWER
  C:\Users\86131\AppData\Local\Arm\Packs\ARM\CMSIS\5.7.0\CMSIS\Core\Include
  C:\Users\86131\AppData\Local\Arm\Packs\Keil\STM32F1xx_DFP\2.3.0\Device\Include

<h2>Collection of Component Files used:</h2>

   * Component: ARM::CMSIS:CORE:5.4.0
      Include file:  CMSIS\Core\Include\tz_context.h
Build Time Elapsed:  00:00:31
</pre>
</body>
</html>
